Microchip MPLAB XC8 Compiler V1.45 ()

Linker command line:

-W-3 --edf=C:\Program Files (x86)\Microchip\xc8\v1.45\dat\en_msgs.txt -cs \
  -h+dist/default/production\pic_aff.X.production.sym \
  --cmf=dist/default/production\pic_aff.X.production.cmf -z -Q18LF2520 \
  -oC:\Users\xoxox\AppData\Local\Temp\sb08.2 \
  -Mdist/default/production/pic_aff.X.production.map -E1 -ver=XC8 \
  -ASTACK=03C4h-05ffh -pstack=STACK -ACODE=00h-07FFFh -ACONST=00h-07FFFh \
  -ASMALLCONST=0600h-06FFhx122 -AMEDIUMCONST=0600h-07FFFh -ACOMRAM=01h-07Fh \
  -AABS1=00h-05FFh -ABIGRAM=01h-05FFh -ARAM=080h-0FFh,0100h-01FFhx5 \
  -ABANK0=080h-0FFh -ABANK1=0100h-01FFh -ABANK2=0200h-02FFh \
  -ABANK3=0300h-03FFh -ABANK4=0400h-04FFh -ABANK5=0500h-05FFh \
  -ASFR=0F80h-0FFFh -preset_vec=00h,intcode=08h,intcodelo,powerup,init \
  -pramtop=0600h -psmallconst=SMALLCONST -pmediumconst=MEDIUMCONST \
  -pconst=CONST -AFARRAM=00h-00h -ACONFIG=0300000h-030000Dh -pconfig=CONFIG \
  -AIDLOC=0200000h-0200007h -pidloc=IDLOC -AEEDATA=0F00000h-0F000FFh \
  -peeprom_data=EEDATA \
  -prdata=COMRAM,nvrram=COMRAM,nvbit=COMRAM,rbss=COMRAM,rbit=COMRAM \
  -pfarbss=FARRAM,fardata=FARRAM,nvFARRAM=FARRAM \
  -pintsave_regs=BIGRAM,bigbss=BIGRAM,bigdata=BIGRAM -pbss=RAM \
  -pidata=CODE,irdata=CODE,ibigdata=CODE,ifardata=CODE -prparam=COMRAM \
  C:\Users\xoxox\AppData\Local\Temp\sb08.obj \
  dist/default/production\pic_aff.X.production.obj 

Object code version is 3.11

Machine type is 18LF2520

Call graph: (short form)




                Name                               Link     Load   Length Selector   Space Scale
C:\Users\xoxox\AppData\Local\Temp\sb08.obj
                init                                718      718        4        4       0
                reset_vec                             0        0        4        0       0
                idloc                            200000   200000        8   200000       0
                config                           300000   300000        E   300000       0
dist/default/production\pic_aff.X.production.obj
                intcode                               8        8      710        4       0
                temp                                 60       60        1        1       1
                smallconst                          71C      71C       20      38E       0
                text30                             1EB0     1EB0       18      E36       0
                text29                             1DAA     1DAA       2A      E36       0
                text27                             1DFC     1DFC       28      E36       0
                text26                             1D1E     1D1E       32      E36       0
                text25                             1DD4     1DD4       28      E36       0
                text24                             1ED6     1ED6        E      E36       0
                text23                             1E94     1E94       1C      E36       0
                text22                             1EC8     1EC8        E      E36       0
                text21                             1CE8     1CE8       36      E36       0
                text20                             1D80     1D80       2A      E36       0
                text19                             1D50     1D50       30      E36       0
                text18                             1AAA     1AAA       84      39E       0
                text17                             18D6     18D6       AE      39E       0
                text16                             1E70     1E70       24      E36       0
                text15                             1CAE     1CAE       3A      E36       0
                text14                             156E     156E       E6      39E       0
                text13                             1E4A     1E4A       26      E36       0
                text12                             11D6     11D6      1AE      39E       0
                text11                             1C6C     1C6C       42      E36       0
                text10                             1384     1384       F6      39E       0
                text9                              1E24     1E24       26      E36       0
                text8                              1736     1736       DA      39E       0
                text7                              1B2E     1B2E       7A      39E       0
                text6                              1A1A     1A1A       90      39E       0
                text5                              147A     147A       F4      39E       0
                text4                              1BA8     1BA8       78      39E       0
                text3                              1654     1654       E2      39E       0
                text2                              1810     1810       C6      39E       0
                text1                               FE4      FE4      1F2      39E       0
                text0                               73C      73C      8A8      39E       0
                cstackCOMRAM                          1        1       47        1       1
                cstackBANK0                          80       80       52       80       1
                bssBANK3                            300      300       C4      300       1
                dataBANK2                           200      200       4B      200       1
                bssBANK1                            100      100       FC      100       1
                dataBANK0                            DD       DD        5       80       1
                bssBANK0                             D2       D2        B       80       1
                dataCOMRAM                           5E       5E        2        1       1
                bssCOMRAM                            48       48       16        1       1
                cinit                              1984     1984       96      39E       0
                idataBANK2                         1C20     1C20       4B      39E       0
                idataBANK0                         1EE4     1EE4        5      E36       0
                idataCOMRAM                        1EE9     1EE9        2      E36       0

TOTAL           Name                               Link     Load   Length     Space
        CLASS   STACK          

        CLASS   CODE           
                intcode                               8        8      710         0
                init                                718      718        4         0
                reset_vec                             0        0        4         0
                text30                             1EB0     1EB0       18         0
                text29                             1DAA     1DAA       2A         0
                text27                             1DFC     1DFC       28         0
                text26                             1D1E     1D1E       32         0
                text25                             1DD4     1DD4       28         0
                text24                             1ED6     1ED6        E         0
                text23                             1E94     1E94       1C         0
                text22                             1EC8     1EC8        E         0
                text21                             1CE8     1CE8       36         0
                text20                             1D80     1D80       2A         0
                text19                             1D50     1D50       30         0
                text18                             1AAA     1AAA       84         0
                text17                             18D6     18D6       AE         0
                text16                             1E70     1E70       24         0
                text15                             1CAE     1CAE       3A         0
                text14                             156E     156E       E6         0
                text13                             1E4A     1E4A       26         0
                text12                             11D6     11D6      1AE         0
                text11                             1C6C     1C6C       42         0
                text10                             1384     1384       F6         0
                text9                              1E24     1E24       26         0
                text8                              1736     1736       DA         0
                text7                              1B2E     1B2E       7A         0
                text6                              1A1A     1A1A       90         0
                text5                              147A     147A       F4         0
                text4                              1BA8     1BA8       78         0
                text3                              1654     1654       E2         0
                text2                              1810     1810       C6         0
                text1                               FE4      FE4      1F2         0
                text0                               73C      73C      8A8         0
                cinit                              1984     1984       96         0
                idataBANK2                         1C20     1C20       4B         0
                idataBANK0                         1EE4     1EE4        5         0
                idataCOMRAM                        1EE9     1EE9        2         0

        CLASS   CONST          

        CLASS   SMALLCONST     
                smallconst                          71C      71C       20         0

        CLASS   MEDIUMCONST    

        CLASS   COMRAM         
                temp                                 60       60        1         1
                cstackCOMRAM                          1        1       47         1
                dataCOMRAM                           5E       5E        2         1
                bssCOMRAM                            48       48       16         1

        CLASS   ABS1           

        CLASS   BIGRAM         

        CLASS   RAM            

        CLASS   BANK0          
                cstackBANK0                          80       80       52         1
                dataBANK0                            DD       DD        5         1
                bssBANK0                             D2       D2        B         1

        CLASS   BANK1          
                bssBANK1                            100      100       FC         1

        CLASS   BANK2          
                dataBANK2                           200      200       4B         1

        CLASS   BANK3          
                bssBANK3                            300      300       C4         1

        CLASS   BANK4          

        CLASS   BANK5          

        CLASS   SFR            

        CLASS   FARRAM         

        CLASS   CONFIG         
                config                           300000   300000        E         0

        CLASS   IDLOC          
                idloc                            200000   200000        8         0

        CLASS   EEDATA         



SEGMENTS        Name                           Load    Length   Top    Selector   Space  Class

                reset_vec                      000000  000004  000004         0       0  CODE    
                cstackCOMRAM                   000001  000060  000061         1       1  COMRAM  
                intcode                        000008  000714  00071C         4       0  CODE    
                cstackBANK0                    000080  000062  0000E2        80       1  BANK0   
                bssBANK1                       000100  0000FC  0001FC       100       1  BANK1   
                dataBANK2                      000200  00004B  00024B       200       1  BANK2   
                bssBANK3                       000300  0000C4  0003C4       300       1  BANK3   
                smallconst                     00071C  000020  00073C       38E       0  SMALLCON
                text0                          00073C  00152F  001C6B       39E       0  CODE    
                text11                         001C6C  00027F  001EEB       E36       0  CODE    
                idloc                          200000  000008  200008    200000       0  IDLOC   
                config                         300000  00000E  30000E    300000       0  CONFIG  


UNUSED ADDRESS RANGES

        Name                Unused          Largest block    Delta
        BANK0            0000E2-0000FF               1E
        BANK1            0001FC-0001FF                4
        BANK2            00024B-0002FF               B5
        BANK3            0003C4-0003FF               3C
        BANK4            000400-0004FF              100
        BANK5            000500-0005FF              100
        BIGRAM           000061-00007F               1F
                         0000E2-0000FF               1E
                         0001FC-0001FF                4
                         00024B-0002FF               B5
                         0003C4-0005FF              23C
        CODE             000004-000007                4
                         001C6B-001C6B                1
                         001EEB-007FFF             6115
        COMRAM           000061-00007F               1F
        CONST            000004-000007                4
                         001C6B-001C6B                1
                         001EEB-007FFF             6115
        EEDATA           F00000-F000FF              100
        MEDIUMCONST      001C6B-001C6B                1
                         001EEB-007FFF             6115
        RAM              0000E2-0000FF               1E
                         0001FC-0001FF                4
                         00024B-0002FF               B5
                         0003C4-0005FF              100
        SFR              000F80-000FFF               80
        SMALLCONST       001C6B-001C6B                1
                         001EEB-007FFF              100
        STACK            0003C4-0005FF              23C

                                  Symbol Table

?_Adc                    cstackCOMRAM 000020
?___altoft               cstackBANK0  000080
?___awdiv                cstackCOMRAM 000020
?___awtoft               cstackBANK0  000080
?___ftadd                cstackBANK0  000095
?___ftdiv                cstackCOMRAM 000028
?___ftmul                cstackBANK0  000086
?___ftneg                cstackBANK0  000083
?___ftpack               cstackCOMRAM 000020
?___ftsub                cstackBANK0  0000A1
?___fttol                cstackCOMRAM 000037
?___lwtoft               cstackCOMRAM 000028
?___wmul                 cstackCOMRAM 000020
?_eval_poly              cstackBANK0  0000A1
?_exp                    cstackBANK0  0000B4
?_floor                  cstackBANK0  0000A1
?_ldexp                  cstackBANK0  0000AD
Adc@channel              cstackCOMRAM 000024
ClearArray@cpt_vide      cstackCOMRAM 000020
ISR@Receive              cstackCOMRAM 00001E
ISR@data_spi             cstackCOMRAM 00001F
Modulo@M_nombre          cstackCOMRAM 000001
PrintC@c_printC          cstackCOMRAM 000020
PrintS@s_printS          cstackCOMRAM 000021
_ABDEN                   (abs)        007DC0
_ADCInit                 text27       001DFC
_ADCON0bits              (abs)        000FC2
_ADCON1bits              (abs)        000FC1
_ADCON2bits              (abs)        000FC0
_ADRESH                  (abs)        000FC4
_ADRESL                  (abs)        000FC3
_Adc                     text26       001D1E
_AutoLight               bssBANK0     0000DB
_BRG16                   (abs)        007DC3
_BRGH                    (abs)        007D62
_CREN                    (abs)        007D5C
_Checksum                bssCOMRAM    000052
_ClearArray              text25       001DD4
_ClockInit               text24       001ED6
_CptPile                 bssCOMRAM    000054
_CptReadPile             bssCOMRAM    000055
_CptSend                 dataCOMRAM   00005E
_CptSpi                  dataCOMRAM   00005F
_CptSpiSend              bssCOMRAM    000057
_EtatScreen              bssBANK0     0000DC
_EtatSpi                 bssCOMRAM    00005D
_FERR                    (abs)        007D5A
_FlagSleep               bssCOMRAM    00005A
_FlagSpi                 dataBANK0    0000E1
_INTCONbits              (abs)        000FF2
_ISR                     intcode      000008
_InitTmr0                text23       001E94
_LATAbits                (abs)        000F89
_LATCbits                (abs)        000F8B
_Modulo                  text30       001EB0
_OERR                    (abs)        007D59
_OSCCONbits              (abs)        000FD3
_OSCTUNEbits             (abs)        000F9B
_PIE1bits                (abs)        000F9D
_PIR1bits                (abs)        000F9E
_PSA                     (abs)        007EAB
_PosCursorPrgm           bssBANK0     0000DA
_PosX                    dataBANK0    0000DF
_PosY                    dataBANK0    0000DD
_PrgmChoisi              bssCOMRAM    00005B
_PrgmSens                bssCOMRAM    000059
_PrintC                  text22       001EC8
_PrintS                  text21       001CE8
_RCIE                    (abs)        007CED
_RCIF                    (abs)        007CF5
_RCREG                   (abs)        000FAE
_RX9                     (abs)        007D5E
_RXDTP                   (abs)        007DC5
_SENDB                   (abs)        007D63
_SPBRG                   (abs)        000FAF
_SPBRGH                  (abs)        000FB0
_SPEN                    (abs)        007D5F
_SSPBUF                  (abs)        000FC9
_SSPCON1bits             (abs)        000FC6
_SSPSTATbits             (abs)        000FC7
_SYNC                    (abs)        007D64
_Score                   bssBANK0     0000D4
_SendMsgSreen            bssBANK1     000100
_SendNbSpi               bssCOMRAM    000056
_SpiInit                 text20       001D80
_Stop                    bssCOMRAM    000058
_T08BIT                  (abs)        007EAE
_T0CS                    (abs)        007EAD
_T0PS0                   (abs)        007EA8
_T0PS1                   (abs)        007EA9
_T0PS2                   (abs)        007EAA
_T0SE                    (abs)        007EAC
_TMR0H                   (abs)        000FD7
_TMR0IF                  (abs)        007F92
_TMR0L                   (abs)        000FD6
_TMR0ON                  (abs)        007EAF
_TRISA5                  (abs)        007C95
_TRISAbits               (abs)        000F92
_TRISC3                  (abs)        007CA3
_TRISC4                  (abs)        007CA4
_TRISC5                  (abs)        007CA5
_TRISC6                  (abs)        007CA6
_TRISC7                  (abs)        007CA7
_TRISCbits               (abs)        000F94
_TX9                     (abs)        007D66
_TXCKP                   (abs)        007DC4
_TXEN                    (abs)        007D65
_TXREG1                  (abs)        000FAD
_TXSTA1bits              (abs)        000FAC
_TabPileSend             bssCOMRAM    000048
_TailleMsgSpi            bssCOMRAM    00005C
_TailleTerm              bssBANK0     0000D6
_TextSpi                 bssBANK3     000300
_TypeVarSpi              bssBANK0     0000D9
_UartInit                text19       001D50
_WUE                     (abs)        007DC1
__CFG_BOREN$SBORDIS      (abs)        000000
__CFG_BORV$3             (abs)        000000
__CFG_CCP2MX$PORTC       (abs)        000000
__CFG_CP0$OFF            (abs)        000000
__CFG_CP1$OFF            (abs)        000000
__CFG_CP2$OFF            (abs)        000000
__CFG_CP3$OFF            (abs)        000000
__CFG_CPB$OFF            (abs)        000000
__CFG_CPD$OFF            (abs)        000000
__CFG_EBTR0$OFF          (abs)        000000
__CFG_EBTR1$OFF          (abs)        000000
__CFG_EBTR2$OFF          (abs)        000000
__CFG_EBTR3$OFF          (abs)        000000
__CFG_EBTRB$OFF          (abs)        000000
__CFG_FCMEN$OFF          (abs)        000000
__CFG_IESO$OFF           (abs)        000000
__CFG_LPT1OSC$OFF        (abs)        000000
__CFG_LVP$OFF            (abs)        000000
__CFG_MCLRE$ON           (abs)        000000
__CFG_OSC$INTIO67        (abs)        000000
__CFG_PBADEN$ON          (abs)        000000
__CFG_PWRT$OFF           (abs)        000000
__CFG_STVREN$ON          (abs)        000000
__CFG_WDT$OFF            (abs)        000000
__CFG_WDTPS$32768        (abs)        000000
__CFG_WRT0$OFF           (abs)        000000
__CFG_WRT1$OFF           (abs)        000000
__CFG_WRT2$OFF           (abs)        000000
__CFG_WRT3$OFF           (abs)        000000
__CFG_WRTB$OFF           (abs)        000000
__CFG_WRTC$OFF           (abs)        000000
__CFG_WRTD$OFF           (abs)        000000
__CFG_XINST$OFF          (abs)        000000
__HRAM                   (abs)        000000
__Habs1                  abs1         000000
__Hbank0                 bank0        000000
__Hbank1                 bank1        000000
__Hbank2                 bank2        000000
__Hbank3                 bank3        000000
__Hbank4                 bank4        000000
__Hbank5                 bank5        000000
__Hbigbss                bigbss       000000
__Hbigdata               bigdata      000000
__Hbigram                bigram       000000
__Hbss                   bss          000000
__HbssBANK0              bssBANK0     000000
__HbssBANK1              bssBANK1     000000
__HbssBANK3              bssBANK3     000000
__HbssCOMRAM             bssCOMRAM    000000
__Hcinit                 cinit        000000
__Hclrtext               clrtext      000000
__Hcomram                comram       000000
__Hconfig                config       30000E
__Hconst                 const        000000
__HcstackBANK0           cstackBANK0  000000
__HcstackCOMRAM          cstackCOMRAM 000000
__Hdata                  data         000000
__HdataBANK0             dataBANK0    000000
__HdataBANK2             dataBANK2    000000
__HdataCOMRAM            dataCOMRAM   000000
__Heeprom_data           eeprom_data  000000
__Hfarbss                farbss       000000
__Hfardata               fardata      000000
__Hibigdata              ibigdata     000000
__Hidata                 idata        000000
__HidataBANK0            idataBANK0   000000
__HidataBANK2            idataBANK2   000000
__HidataCOMRAM           idataCOMRAM  000000
__Hidloc                 idloc        200008
__Hifardata              ifardata     000000
__Hinit                  init         00071C
__Hintcode               intcode      000718
__Hintcode_body          intcode_body 000000
__Hintcodelo             intcodelo    000718
__Hintentry              intentry     000000
__Hintret                intret       000000
__Hintsave_regs          intsave_regs 000000
__Hirdata                irdata       000000
__Hmediumconst           mediumconst  000000
__HnvFARRAM              nvFARRAM     000000
__Hnvbit                 nvbit        000000
__Hnvrram                nvrram       000000
__Hparam                 rparam       000000
__Hpowerup               powerup      000718
__Hram                   ram          000000
__Hramtop                ramtop       000600
__Hrbit                  rbit         000000
__Hrbss                  rbss         000000
__Hrdata                 rdata        000000
__Hreset_vec             reset_vec    000004
__Hrparam                rparam       000000
__Hsfr                   sfr          000000
__Hsmallconst            smallconst   00073C
__Hspace_0               (abs)        30000E
__Hspace_1               (abs)        0003C4
__Hspace_2               (abs)        000000
__Hstack                 stack        000000
__Hstruct                struct       000000
__Htemp                  temp         000061
__Htext                  text         000000
__Htext0                 text0        000000
__Htext1                 text1        000000
__Htext10                text10       000000
__Htext11                text11       000000
__Htext12                text12       000000
__Htext13                text13       000000
__Htext14                text14       000000
__Htext15                text15       000000
__Htext16                text16       000000
__Htext17                text17       000000
__Htext18                text18       000000
__Htext19                text19       000000
__Htext2                 text2        000000
__Htext20                text20       000000
__Htext21                text21       000000
__Htext22                text22       000000
__Htext23                text23       000000
__Htext24                text24       000000
__Htext25                text25       000000
__Htext26                text26       000000
__Htext27                text27       000000
__Htext29                text29       000000
__Htext3                 text3        000000
__Htext30                text30       000000
__Htext4                 text4        000000
__Htext5                 text5        000000
__Htext6                 text6        000000
__Htext7                 text7        000000
__Htext8                 text8        000000
__Htext9                 text9        000000
__LRAM                   (abs)        000001
__Labs1                  abs1         000000
__Lbank0                 bank0        000000
__Lbank1                 bank1        000000
__Lbank2                 bank2        000000
__Lbank3                 bank3        000000
__Lbank4                 bank4        000000
__Lbank5                 bank5        000000
__Lbigbss                bigbss       000000
__Lbigdata               bigdata      000000
__Lbigram                bigram       000000
__Lbss                   bss          000000
__LbssBANK0              bssBANK0     000000
__LbssBANK1              bssBANK1     000000
__LbssBANK3              bssBANK3     000000
__LbssCOMRAM             bssCOMRAM    000000
__Lcinit                 cinit        000000
__Lclrtext               clrtext      000000
__Lcomram                comram       000000
__Lconfig                config       300000
__Lconst                 const        000000
__LcstackBANK0           cstackBANK0  000000
__LcstackCOMRAM          cstackCOMRAM 000000
__Ldata                  data         000000
__LdataBANK0             dataBANK0    000000
__LdataBANK2             dataBANK2    000000
__LdataCOMRAM            dataCOMRAM   000000
__Leeprom_data           eeprom_data  000000
__Lfarbss                farbss       000000
__Lfardata               fardata      000000
__Libigdata              ibigdata     000000
__Lidata                 idata        000000
__LidataBANK0            idataBANK0   000000
__LidataBANK2            idataBANK2   000000
__LidataCOMRAM           idataCOMRAM  000000
__Lidloc                 idloc        200000
__Lifardata              ifardata     000000
__Linit                  init         000718
__Lintcode               intcode      000008
__Lintcode_body          intcode_body 000000
__Lintcodelo             intcodelo    000718
__Lintentry              intentry     000000
__Lintret                intret       000000
__Lintsave_regs          intsave_regs 000000
__Lirdata                irdata       000000
__Lmediumconst           mediumconst  000000
__LnvFARRAM              nvFARRAM     000000
__Lnvbit                 nvbit        000000
__Lnvrram                nvrram       000000
__Lparam                 rparam       000000
__Lpowerup               powerup      000718
__Lram                   ram          000000
__Lramtop                ramtop       000600
__Lrbit                  rbit         000000
__Lrbss                  rbss         000000
__Lrdata                 rdata        000000
__Lreset_vec             reset_vec    000000
__Lrparam                rparam       000000
__Lsfr                   sfr          000000
__Lsmallconst            smallconst   00071C
__Lspace_0               (abs)        000000
__Lspace_1               (abs)        000000
__Lspace_2               (abs)        000000
__Lstack                 stack        000000
__Lstruct                struct       000000
__Ltemp                  temp         000060
__Ltext                  text         000000
__Ltext0                 text0        000000
__Ltext1                 text1        000000
__Ltext10                text10       000000
__Ltext11                text11       000000
__Ltext12                text12       000000
__Ltext13                text13       000000
__Ltext14                text14       000000
__Ltext15                text15       000000
__Ltext16                text16       000000
__Ltext17                text17       000000
__Ltext18                text18       000000
__Ltext19                text19       000000
__Ltext2                 text2        000000
__Ltext20                text20       000000
__Ltext21                text21       000000
__Ltext22                text22       000000
__Ltext23                text23       000000
__Ltext24                text24       000000
__Ltext25                text25       000000
__Ltext26                text26       000000
__Ltext27                text27       000000
__Ltext29                text29       000000
__Ltext3                 text3        000000
__Ltext30                text30       000000
__Ltext4                 text4        000000
__Ltext5                 text5        000000
__Ltext6                 text6        000000
__Ltext7                 text7        000000
__Ltext8                 text8        000000
__Ltext9                 text9        000000
__S0                     (abs)        30000E
__S1                     (abs)        0003C4
__S2                     (abs)        000000
___altoft                text7        001B2E
___altoft@c              cstackBANK0  000080
___altoft@exp            cstackCOMRAM 000046
___altoft@sign           cstackCOMRAM 000047
___awdiv                 text18       001AAA
___awdiv@counter         cstackCOMRAM 000024
___awdiv@dividend        cstackCOMRAM 000020
___awdiv@divisor         cstackCOMRAM 000022
___awdiv@quotient        cstackCOMRAM 000026
___awdiv@sign            cstackCOMRAM 000025
___awtoft                text15       001CAE
___awtoft@c              cstackBANK0  000080
___awtoft@sign           cstackCOMRAM 000046
___ftadd                 text12       0011D6
___ftadd@exp1            cstackBANK0  0000A0
___ftadd@exp2            cstackBANK0  00009F
___ftadd@f1              cstackBANK0  000095
___ftadd@f2              cstackBANK0  000098
___ftadd@sign            cstackBANK0  00009E
___ftdiv                 text14       00156E
___ftdiv@cntr            cstackCOMRAM 000031
___ftdiv@exp             cstackCOMRAM 000035
___ftdiv@f1              cstackCOMRAM 000028
___ftdiv@f2              cstackCOMRAM 00002B
___ftdiv@f3              cstackCOMRAM 000032
___ftdiv@sign            cstackCOMRAM 000036
___ftge                  text6        001A1A
___ftge@ff1              cstackCOMRAM 000020
___ftge@ff2              cstackCOMRAM 000023
___ftmul                 text10       001384
___ftmul@cntr            cstackBANK0  000093
___ftmul@exp             cstackBANK0  00008F
___ftmul@f1              cstackBANK0  000086
___ftmul@f2              cstackBANK0  000089
___ftmul@f3_as_product   cstackBANK0  000090
___ftmul@sign            cstackBANK0  000094
___ftneg                 text13       001E4A
___ftneg@f1              cstackBANK0  000083
___ftpack                text17       0018D6
___ftpack@arg            cstackCOMRAM 000020
___ftpack@exp            cstackCOMRAM 000023
___ftpack@sign           cstackCOMRAM 000024
___ftsub                 text11       001C6C
___ftsub@f1              cstackBANK0  0000A1
___ftsub@f2              cstackBANK0  0000A4
___fttol                 text5        00147A
___fttol@exp1            cstackCOMRAM 000045
___fttol@f1              cstackCOMRAM 000037
___fttol@lval            cstackCOMRAM 000041
___fttol@sign1           cstackCOMRAM 000040
___inthi_sp              stack        000000
___intlo_sp              stack        000000
___lbmod                 text29       001DAA
___lbmod@counter         cstackCOMRAM 000003
___lbmod@dividend        cstackCOMRAM 000002
___lbmod@divisor         cstackCOMRAM 000001
___lbmod@rem             cstackCOMRAM 000004
___lwtoft                text16       001E70
___lwtoft@c              cstackCOMRAM 000028
___param_bank            (abs)        000000
___rparam_used           (abs)        000001
___sp                    stack        000000
___wmul                  text9        001E24
___wmul@multiplicand     cstackCOMRAM 000022
___wmul@multiplier       cstackCOMRAM 000020
___wmul@product          cstackCOMRAM 000024
__accesstop              (abs)        000080
__activetblptr           (abs)        000002
__end_of_ADCInit         text27       001E24
__end_of_Adc             text26       001D50
__end_of_ClearArray      text25       001DFC
__end_of_ClockInit       text24       001EE4
__end_of_ISR             intcode      000718
__end_of_InitTmr0        text23       001EB0
__end_of_Modulo          text30       001EC8
__end_of_PrintC          text22       001ED6
__end_of_PrintS          text21       001D1E
__end_of_SpiInit         text20       001DAA
__end_of_UartInit        text19       001D80
__end_of___altoft        text7        001BA8
__end_of___awdiv         text18       001B2E
__end_of___awtoft        text15       001CE8
__end_of___ftadd         text12       001384
__end_of___ftdiv         text14       001654
__end_of___ftge          text6        001AAA
__end_of___ftmul         text10       00147A
__end_of___ftneg         text13       001E70
__end_of___ftpack        text17       001984
__end_of___ftsub         text11       001CAE
__end_of___fttol         text5        00156E
__end_of___lbmod         text29       001DD4
__end_of___lwtoft        text16       001E94
__end_of___wmul          text9        001E4A
__end_of__initialization cinit        001A0C
__end_of_eval_poly       text8        001810
__end_of_exp             text1        0011D6
__end_of_floor           text3        001736
__end_of_frexp           text4        001C20
__end_of_ldexp           text2        0018D6
__end_of_main            text0        000FE4
__end_ofexp@coeff        smallconst   00073B
__initialization         cinit        001984
__mediumconst            mediumconst  000000
__pbssBANK0              bssBANK0     0000D2
__pbssBANK1              bssBANK1     000100
__pbssBANK3              bssBANK3     000300
__pbssCOMRAM             bssCOMRAM    000048
__pcinit                 cinit        001984
__pcstackBANK0           cstackBANK0  000080
__pcstackCOMRAM          cstackCOMRAM 000001
__pdataBANK0             dataBANK0    0000DD
__pdataBANK2             dataBANK2    000200
__pdataCOMRAM            dataCOMRAM   00005E
__pidataBANK0            idataBANK0   001EE4
__pidataBANK2            idataBANK2   001C20
__pidataCOMRAM           idataCOMRAM  001EE9
__pintcode               intcode      000008
__psmallconst            smallconst   00071C
__ptext0                 text0        00073C
__ptext1                 text1        000FE4
__ptext10                text10       001384
__ptext11                text11       001C6C
__ptext12                text12       0011D6
__ptext13                text13       001E4A
__ptext14                text14       00156E
__ptext15                text15       001CAE
__ptext16                text16       001E70
__ptext17                text17       0018D6
__ptext18                text18       001AAA
__ptext19                text19       001D50
__ptext2                 text2        001810
__ptext20                text20       001D80
__ptext21                text21       001CE8
__ptext22                text22       001EC8
__ptext23                text23       001E94
__ptext24                text24       001ED6
__ptext25                text25       001DD4
__ptext26                text26       001D1E
__ptext27                text27       001DFC
__ptext29                text29       001DAA
__ptext3                 text3        001654
__ptext30                text30       001EB0
__ptext4                 text4        001BA8
__ptext5                 text5        00147A
__ptext6                 text6        001A1A
__ptext7                 text7        001B2E
__ptext8                 text8        001736
__ptext9                 text9        001E24
__ramtop                 ramtop       000600
__size_of_ADCInit        (abs)        000000
__size_of_Adc            (abs)        000000
__size_of_ClearArray     (abs)        000000
__size_of_ClockInit      (abs)        000000
__size_of_ISR            (abs)        000000
__size_of_InitTmr0       (abs)        000000
__size_of_Modulo         (abs)        000000
__size_of_PrintC         (abs)        000000
__size_of_PrintS         (abs)        000000
__size_of_SpiInit        (abs)        000000
__size_of_UartInit       (abs)        000000
__size_of___altoft       (abs)        000000
__size_of___awdiv        (abs)        000000
__size_of___awtoft       (abs)        000000
__size_of___ftadd        (abs)        000000
__size_of___ftdiv        (abs)        000000
__size_of___ftge         (abs)        000000
__size_of___ftmul        (abs)        000000
__size_of___ftneg        (abs)        000000
__size_of___ftpack       (abs)        000000
__size_of___ftsub        (abs)        000000
__size_of___fttol        (abs)        000000
__size_of___lbmod        (abs)        000000
__size_of___lwtoft       (abs)        000000
__size_of___wmul         (abs)        000000
__size_of_eval_poly      (abs)        000000
__size_of_exp            (abs)        000000
__size_of_floor          (abs)        000000
__size_of_frexp          (abs)        000000
__size_of_ldexp          (abs)        000000
__size_of_main           (abs)        000000
__smallconst             smallconst   00071C
_cpt                     bssBANK0     0000D8
_errno                   bssBANK0     0000D2
_eval_poly               text8        001736
_exp                     text1        000FE4
_exp$1536                cstackBANK0  0000B7
_floor                   text3        001654
_frexp                   text4        001BA8
_ldexp                   text2        001810
_main                    text0        00073C
_main$1532               cstackBANK0  0000C1
_main$1533               cstackBANK0  0000C4
_main$1534               cstackBANK0  0000C8
_main$1535               cstackBANK0  0000CB
_text_prgm               dataBANK2    000200
btemp                    temp         000060
end_of_initialization    cinit        001A0C
eval_poly@d              cstackBANK0  0000A4
eval_poly@n              cstackBANK0  0000A6
eval_poly@res            cstackBANK0  0000AA
eval_poly@x              cstackBANK0  0000A1
exp@coeff                smallconst   00071D
exp@exponent             cstackBANK0  0000BA
exp@sign                 cstackBANK0  0000BC
exp@x                    cstackBANK0  0000B4
floor@expon              cstackBANK0  0000A7
floor@i                  cstackBANK0  0000A4
floor@x                  cstackBANK0  0000A1
frexp@eptr               cstackCOMRAM 000023
frexp@value              cstackCOMRAM 000020
int$flags                temp         000060
intlevel0                text         000000
intlevel1                text         000000
intlevel2                text         000000
intlevel3                text         000000
ldexp@newexp             cstackBANK0  0000B0
ldexp@value              cstackBANK0  0000AD
main@CptTmr0             cstackBANK0  0000C7
main@adc_res             cstackBANK0  0000CF
main@taille_text_prgm    cstackBANK0  0000CE
main@taille_text_spi     cstackBANK0  0000CD
stackhi                  (abs)        0005FF
stacklo                  (abs)        0003C4
start                    init         000718
start_initialization     cinit        001984
wtemp6                   temp         000061


FUNCTION INFORMATION:

 *************** function _main *****************
 Defined at:
		line 172 in file "main.c"
 Parameters:    Size  Location     Type
		None
 Auto vars:     Size  Location     Type
  adc_res         3   79[BANK0 ] float 
  taille_text_    1   78[BANK0 ] unsigned char 
  taille_text_    1   77[BANK0 ] unsigned char 
  CptTmr0         1   71[BANK0 ] unsigned char 
 Return value:  Size  Location     Type
                  1    wreg      void 
 Registers used:
		wreg, fsr1l, fsr1h, fsr2l, fsr2h, status,2, status,0, tblptrl, tblptrh, tblptru, prodl, prodh, cstack
 Tracked objects:
		On entry : 
		On exit  : 
		Unchanged: 
 Data sizes:     COMRAM   BANK0   BANK1   BANK2   BANK3   BANK4   BANK5
      Params:         0       0       0       0       0       0       0
      Locals:         0      17       0       0       0       0       0
      Temps:          0       4       0       0       0       0       0
      Totals:         0      21       0       0       0       0       0
Total ram usage:       21 bytes
 Hardware stack levels required when called:    6
 This function calls:
		_ADCInit
		_Adc
		_ClearArray
		_ClockInit
		_InitTmr0
		_PrintS
		_SpiInit
		_UartInit
		___awdiv
		___awtoft
		___ftadd
		___ftdiv
		___ftge
		___ftmul
		___ftneg
		___fttol
		___lwtoft
		_exp
 This function is called by:
		Startup code after reset
 This function uses a non-reentrant model


 *************** function _exp *****************
 Defined at:
		line 12 in file "C:\Program Files (x86)\Microchip\xc8\v1.45\sources\common\exp.c"
 Parameters:    Size  Location     Type
  x               3   52[BANK0 ] void 
 Auto vars:     Size  Location     Type
  exponent        2   58[BANK0 ] int 
  sign            1   60[BANK0 ] unsigned char 
 Return value:  Size  Location     Type
                  3   52[BANK0 ] unsigned char 
 Registers used:
		wreg, fsr2l, fsr2h, status,2, status,0, tblptrl, tblptrh, tblptru, prodl, prodh, cstack
 Tracked objects:
		On entry : 
		On exit  : 
		Unchanged: 
 Data sizes:     COMRAM   BANK0   BANK1   BANK2   BANK3   BANK4   BANK5
      Params:         0       3       0       0       0       0       0
      Locals:         0       6       0       0       0       0       0
      Temps:          0       0       0       0       0       0       0
      Totals:         0       9       0       0       0       0       0
Total ram usage:        9 bytes
 Hardware stack levels used:    1
 Hardware stack levels required when called:    5
 This function calls:
		___awtoft
		___ftdiv
		___ftge
		___ftmul
		___ftneg
		___ftsub
		___fttol
		_eval_poly
		_floor
		_ldexp
 This function is called by:
		_main
 This function uses a non-reentrant model


 *************** function _ldexp *****************
 Defined at:
		line 277 in file "C:\Program Files (x86)\Microchip\xc8\v1.45\sources\common\frexp.c"
 Parameters:    Size  Location     Type
  value           3   45[BANK0 ] unsigned char 
  newexp          2   48[BANK0 ] int 
 Auto vars:     Size  Location     Type
		None
 Return value:  Size  Location     Type
                  3   45[BANK0 ] int 
 Registers used:
		wreg, status,2, status,0
 Tracked objects:
		On entry : 
		On exit  : 
		Unchanged: 
 Data sizes:     COMRAM   BANK0   BANK1   BANK2   BANK3   BANK4   BANK5
      Params:         0       5       0       0       0       0       0
      Locals:         0       0       0       0       0       0       0
      Temps:          0       2       0       0       0       0       0
      Totals:         0       7       0       0       0       0       0
Total ram usage:        7 bytes
 Hardware stack levels used:    1
 Hardware stack levels required when called:    2
 This function calls:
		Nothing
 This function is called by:
		_exp
 This function uses a non-reentrant model


 *************** function _floor *****************
 Defined at:
		line 13 in file "C:\Program Files (x86)\Microchip\xc8\v1.45\sources\common\floor.c"
 Parameters:    Size  Location     Type
  x               3   33[BANK0 ] int 
 Auto vars:     Size  Location     Type
  i               3   36[BANK0 ] int 
  expon           2   39[BANK0 ] int 
 Return value:  Size  Location     Type
                  3   33[BANK0 ] int 
 Registers used:
		wreg, fsr2l, fsr2h, status,2, status,0, cstack
 Tracked objects:
		On entry : 
		On exit  : 
		Unchanged: 
 Data sizes:     COMRAM   BANK0   BANK1   BANK2   BANK3   BANK4   BANK5
      Params:         0       3       0       0       0       0       0
      Locals:         0       5       0       0       0       0       0
      Temps:          0       0       0       0       0       0       0
      Totals:         0       8       0       0       0       0       0
Total ram usage:        8 bytes
 Hardware stack levels used:    1
 Hardware stack levels required when called:    4
 This function calls:
		___altoft
		___ftadd
		___ftge
		___fttol
		_frexp
 This function is called by:
		_exp
 This function uses a non-reentrant model


 *************** function _frexp *****************
 Defined at:
		line 254 in file "C:\Program Files (x86)\Microchip\xc8\v1.45\sources\common\frexp.c"
 Parameters:    Size  Location     Type
  value           3   31[COMRAM] int 
  eptr            2   34[COMRAM] PTR int 
		 -> floor@expon(2), 
 Auto vars:     Size  Location     Type
		None
 Return value:  Size  Location     Type
                  3   31[COMRAM] PTR int 
 Registers used:
		wreg, fsr2l, fsr2h, status,2, status,0
 Tracked objects:
		On entry : 
		On exit  : 
		Unchanged: 
 Data sizes:     COMRAM   BANK0   BANK1   BANK2   BANK3   BANK4   BANK5
      Params:         5       0       0       0       0       0       0
      Locals:         0       0       0       0       0       0       0
      Temps:          2       0       0       0       0       0       0
      Totals:         7       0       0       0       0       0       0
Total ram usage:        7 bytes
 Hardware stack levels used:    1
 Hardware stack levels required when called:    2
 This function calls:
		Nothing
 This function is called by:
		_floor
 This function uses a non-reentrant model


 *************** function ___fttol *****************
 Defined at:
		line 44 in file "C:\Program Files (x86)\Microchip\xc8\v1.45\sources\common\fttol.c"
 Parameters:    Size  Location     Type
  f1              3   54[COMRAM] float 
 Auto vars:     Size  Location     Type
  lval            4   64[COMRAM] unsigned long 
  exp1            1   68[COMRAM] unsigned char 
  sign1           1   63[COMRAM] unsigned char 
 Return value:  Size  Location     Type
                  4   54[COMRAM] long 
 Registers used:
		wreg, status,2, status,0
 Tracked objects:
		On entry : 
		On exit  : 
		Unchanged: 
 Data sizes:     COMRAM   BANK0   BANK1   BANK2   BANK3   BANK4   BANK5
      Params:         4       0       0       0       0       0       0
      Locals:         6       0       0       0       0       0       0
      Temps:          5       0       0       0       0       0       0
      Totals:        15       0       0       0       0       0       0
Total ram usage:       15 bytes
 Hardware stack levels used:    1
 Hardware stack levels required when called:    2
 This function calls:
		Nothing
 This function is called by:
		_main
		_exp
		_floor
 This function uses a non-reentrant model


 *************** function ___ftge *****************
 Defined at:
		line 4 in file "C:\Program Files (x86)\Microchip\xc8\v1.45\sources\common\ftge.c"
 Parameters:    Size  Location     Type
  ff1             3   31[COMRAM] float 
  ff2             3   34[COMRAM] float 
 Auto vars:     Size  Location     Type
		None
 Return value:  Size  Location     Type
		None               void
 Registers used:
		wreg, status,2, status,0
 Tracked objects:
		On entry : 
		On exit  : 
		Unchanged: 
 Data sizes:     COMRAM   BANK0   BANK1   BANK2   BANK3   BANK4   BANK5
      Params:         6       0       0       0       0       0       0
      Locals:         0       0       0       0       0       0       0
      Temps:          3       0       0       0       0       0       0
      Totals:         9       0       0       0       0       0       0
Total ram usage:        9 bytes
 Hardware stack levels used:    1
 Hardware stack levels required when called:    2
 This function calls:
		Nothing
 This function is called by:
		_main
		_exp
		_floor
 This function uses a non-reentrant model


 *************** function ___altoft *****************
 Defined at:
		line 42 in file "C:\Program Files (x86)\Microchip\xc8\v1.45\sources\common\altoft.c"
 Parameters:    Size  Location     Type
  c               4    0[BANK0 ] long 
 Auto vars:     Size  Location     Type
  sign            1   70[COMRAM] unsigned char 
  exp             1   69[COMRAM] unsigned char 
 Return value:  Size  Location     Type
                  3    0[BANK0 ] float 
 Registers used:
		wreg, status,2, status,0, cstack
 Tracked objects:
		On entry : 
		On exit  : 
		Unchanged: 
 Data sizes:     COMRAM   BANK0   BANK1   BANK2   BANK3   BANK4   BANK5
      Params:         0       4       0       0       0       0       0
      Locals:         2       0       0       0       0       0       0
      Temps:          0       4       0       0       0       0       0
      Totals:         2       8       0       0       0       0       0
Total ram usage:       10 bytes
 Hardware stack levels used:    1
 Hardware stack levels required when called:    3
 This function calls:
		___ftpack
 This function is called by:
		_floor
 This function uses a non-reentrant model


 *************** function _eval_poly *****************
 Defined at:
		line 4 in file "C:\Program Files (x86)\Microchip\xc8\v1.45\sources\common\evalpoly.c"
 Parameters:    Size  Location     Type
  x               3   33[BANK0 ] float 
  d               2   36[BANK0 ] PTR const 
		 -> exp@coeff(30), 
  n               2   38[BANK0 ] int 
 Auto vars:     Size  Location     Type
  res             3   42[BANK0 ] int 
 Return value:  Size  Location     Type
                  3   33[BANK0 ] int 
 Registers used:
		wreg, status,2, status,0, tblptrl, tblptrh, tblptru, prodl, prodh, cstack
 Tracked objects:
		On entry : 
		On exit  : 
		Unchanged: 
 Data sizes:     COMRAM   BANK0   BANK1   BANK2   BANK3   BANK4   BANK5
      Params:         0       7       0       0       0       0       0
      Locals:         0       3       0       0       0       0       0
      Temps:          0       2       0       0       0       0       0
      Totals:         0      12       0       0       0       0       0
Total ram usage:       12 bytes
 Hardware stack levels used:    1
 Hardware stack levels required when called:    4
 This function calls:
		___ftadd
		___ftmul
		___wmul
 This function is called by:
		_exp
 This function uses a non-reentrant model


 *************** function ___wmul *****************
 Defined at:
		line 15 in file "C:\Program Files (x86)\Microchip\xc8\v1.45\sources\common\Umul16.c"
 Parameters:    Size  Location     Type
  multiplier      2   31[COMRAM] unsigned int 
  multiplicand    2   33[COMRAM] unsigned int 
 Auto vars:     Size  Location     Type
  product         2   35[COMRAM] unsigned int 
 Return value:  Size  Location     Type
                  2   31[COMRAM] unsigned int 
 Registers used:
		wreg, status,2, status,0, prodl, prodh
 Tracked objects:
		On entry : 
		On exit  : 
		Unchanged: 
 Data sizes:     COMRAM   BANK0   BANK1   BANK2   BANK3   BANK4   BANK5
      Params:         4       0       0       0       0       0       0
      Locals:         2       0       0       0       0       0       0
      Temps:          0       0       0       0       0       0       0
      Totals:         6       0       0       0       0       0       0
Total ram usage:        6 bytes
 Hardware stack levels used:    1
 Hardware stack levels required when called:    2
 This function calls:
		Nothing
 This function is called by:
		_eval_poly
 This function uses a non-reentrant model


 *************** function ___ftmul *****************
 Defined at:
		line 62 in file "C:\Program Files (x86)\Microchip\xc8\v1.45\sources\common\ftmul.c"
 Parameters:    Size  Location     Type
  f1              3    6[BANK0 ] float 
  f2              3    9[BANK0 ] float 
 Auto vars:     Size  Location     Type
  f3_as_produc    3   16[BANK0 ] unsigned um
  sign            1   20[BANK0 ] unsigned char 
  cntr            1   19[BANK0 ] unsigned char 
  exp             1   15[BANK0 ] unsigned char 
 Return value:  Size  Location     Type
                  3    6[BANK0 ] float 
 Registers used:
		wreg, status,2, status,0, cstack
 Tracked objects:
		On entry : 
		On exit  : 
		Unchanged: 
 Data sizes:     COMRAM   BANK0   BANK1   BANK2   BANK3   BANK4   BANK5
      Params:         0       6       0       0       0       0       0
      Locals:         0       6       0       0       0       0       0
      Temps:          0       3       0       0       0       0       0
      Totals:         0      15       0       0       0       0       0
Total ram usage:       15 bytes
 Hardware stack levels used:    1
 Hardware stack levels required when called:    3
 This function calls:
		___ftpack
 This function is called by:
		_main
		_exp
		_eval_poly
 This function uses a non-reentrant model


 *************** function ___ftsub *****************
 Defined at:
		line 20 in file "C:\Program Files (x86)\Microchip\xc8\v1.45\sources\common\ftsub.c"
 Parameters:    Size  Location     Type
  f1              3   33[BANK0 ] float 
  f2              3   36[BANK0 ] float 
 Auto vars:     Size  Location     Type
		None
 Return value:  Size  Location     Type
                  3   33[BANK0 ] float 
 Registers used:
		wreg, status,2, status,0, cstack
 Tracked objects:
		On entry : 
		On exit  : 
		Unchanged: 
 Data sizes:     COMRAM   BANK0   BANK1   BANK2   BANK3   BANK4   BANK5
      Params:         0       6       0       0       0       0       0
      Locals:         0       0       0       0       0       0       0
      Temps:          0       0       0       0       0       0       0
      Totals:         0       6       0       0       0       0       0
Total ram usage:        6 bytes
 Hardware stack levels used:    1
 Hardware stack levels required when called:    4
 This function calls:
		___ftadd
 This function is called by:
		_exp
 This function uses a non-reentrant model


 *************** function ___ftadd *****************
 Defined at:
		line 86 in file "C:\Program Files (x86)\Microchip\xc8\v1.45\sources\common\ftadd.c"
 Parameters:    Size  Location     Type
  f1              3   21[BANK0 ] float 
  f2              3   24[BANK0 ] float 
 Auto vars:     Size  Location     Type
  exp1            1   32[BANK0 ] unsigned char 
  exp2            1   31[BANK0 ] unsigned char 
  sign            1   30[BANK0 ] unsigned char 
 Return value:  Size  Location     Type
                  3   21[BANK0 ] float 
 Registers used:
		wreg, status,2, status,0, cstack
 Tracked objects:
		On entry : 
		On exit  : 
		Unchanged: 
 Data sizes:     COMRAM   BANK0   BANK1   BANK2   BANK3   BANK4   BANK5
      Params:         0       6       0       0       0       0       0
      Locals:         0       3       0       0       0       0       0
      Temps:          0       3       0       0       0       0       0
      Totals:         0      12       0       0       0       0       0
Total ram usage:       12 bytes
 Hardware stack levels used:    1
 Hardware stack levels required when called:    3
 This function calls:
		___ftpack
 This function is called by:
		_main
		_floor
		___ftsub
		_eval_poly
 This function uses a non-reentrant model


 *************** function ___ftneg *****************
 Defined at:
		line 15 in file "C:\Program Files (x86)\Microchip\xc8\v1.45\sources\common\ftneg.c"
 Parameters:    Size  Location     Type
  f1              3    3[BANK0 ] float 
 Auto vars:     Size  Location     Type
		None
 Return value:  Size  Location     Type
                  3    3[BANK0 ] float 
 Registers used:
		wreg, status,2, status,0
 Tracked objects:
		On entry : 
		On exit  : 
		Unchanged: 
 Data sizes:     COMRAM   BANK0   BANK1   BANK2   BANK3   BANK4   BANK5
      Params:         0       3       0       0       0       0       0
      Locals:         0       0       0       0       0       0       0
      Temps:          0       0       0       0       0       0       0
      Totals:         0       3       0       0       0       0       0
Total ram usage:        3 bytes
 Hardware stack levels used:    1
 Hardware stack levels required when called:    2
 This function calls:
		Nothing
 This function is called by:
		_main
		_exp
 This function uses a non-reentrant model


 *************** function ___ftdiv *****************
 Defined at:
		line 54 in file "C:\Program Files (x86)\Microchip\xc8\v1.45\sources\common\ftdiv.c"
 Parameters:    Size  Location     Type
  f1              3   39[COMRAM] float 
  f2              3   42[COMRAM] float 
 Auto vars:     Size  Location     Type
  f3              3   49[COMRAM] float 
  sign            1   53[COMRAM] unsigned char 
  exp             1   52[COMRAM] unsigned char 
  cntr            1   48[COMRAM] unsigned char 
 Return value:  Size  Location     Type
                  3   39[COMRAM] float 
 Registers used:
		wreg, status,2, status,0, cstack
 Tracked objects:
		On entry : 
		On exit  : 
		Unchanged: 
 Data sizes:     COMRAM   BANK0   BANK1   BANK2   BANK3   BANK4   BANK5
      Params:         6       0       0       0       0       0       0
      Locals:         6       0       0       0       0       0       0
      Temps:          3       0       0       0       0       0       0
      Totals:        15       0       0       0       0       0       0
Total ram usage:       15 bytes
 Hardware stack levels used:    1
 Hardware stack levels required when called:    3
 This function calls:
		___ftpack
 This function is called by:
		_main
		_exp
 This function uses a non-reentrant model


 *************** function ___awtoft *****************
 Defined at:
		line 32 in file "C:\Program Files (x86)\Microchip\xc8\v1.45\sources\common\awtoft.c"
 Parameters:    Size  Location     Type
  c               2    0[BANK0 ] int 
 Auto vars:     Size  Location     Type
  sign            1   69[COMRAM] unsigned char 
 Return value:  Size  Location     Type
                  3    0[BANK0 ] float 
 Registers used:
		wreg, status,2, status,0, cstack
 Tracked objects:
		On entry : 
		On exit  : 
		Unchanged: 
 Data sizes:     COMRAM   BANK0   BANK1   BANK2   BANK3   BANK4   BANK5
      Params:         0       3       0       0       0       0       0
      Locals:         1       0       0       0       0       0       0
      Temps:          0       0       0       0       0       0       0
      Totals:         1       3       0       0       0       0       0
Total ram usage:        4 bytes
 Hardware stack levels used:    1
 Hardware stack levels required when called:    3
 This function calls:
		___ftpack
 This function is called by:
		_main
		_exp
 This function uses a non-reentrant model


 *************** function ___lwtoft *****************
 Defined at:
		line 28 in file "C:\Program Files (x86)\Microchip\xc8\v1.45\sources\common\lwtoft.c"
 Parameters:    Size  Location     Type
  c               2   39[COMRAM] unsigned int 
 Auto vars:     Size  Location     Type
		None
 Return value:  Size  Location     Type
                  3   39[COMRAM] float 
 Registers used:
		wreg, status,2, status,0, cstack
 Tracked objects:
		On entry : 
		On exit  : 
		Unchanged: 
 Data sizes:     COMRAM   BANK0   BANK1   BANK2   BANK3   BANK4   BANK5
      Params:         3       0       0       0       0       0       0
      Locals:         0       0       0       0       0       0       0
      Temps:          0       0       0       0       0       0       0
      Totals:         3       0       0       0       0       0       0
Total ram usage:        3 bytes
 Hardware stack levels used:    1
 Hardware stack levels required when called:    3
 This function calls:
		___ftpack
 This function is called by:
		_main
 This function uses a non-reentrant model


 *************** function ___ftpack *****************
 Defined at:
		line 62 in file "C:\Program Files (x86)\Microchip\xc8\v1.45\sources\common\float.c"
 Parameters:    Size  Location     Type
  arg             3   31[COMRAM] unsigned um
  exp             1   34[COMRAM] unsigned char 
  sign            1   35[COMRAM] unsigned char 
 Auto vars:     Size  Location     Type
		None
 Return value:  Size  Location     Type
                  3   31[COMRAM] float 
 Registers used:
		wreg, status,2, status,0
 Tracked objects:
		On entry : 
		On exit  : 
		Unchanged: 
 Data sizes:     COMRAM   BANK0   BANK1   BANK2   BANK3   BANK4   BANK5
      Params:         5       0       0       0       0       0       0
      Locals:         0       0       0       0       0       0       0
      Temps:          3       0       0       0       0       0       0
      Totals:         8       0       0       0       0       0       0
Total ram usage:        8 bytes
 Hardware stack levels used:    1
 Hardware stack levels required when called:    2
 This function calls:
		Nothing
 This function is called by:
		___altoft
		___awtoft
		___ftadd
		___ftdiv
		___ftmul
		___lwtoft
 This function uses a non-reentrant model


 *************** function ___awdiv *****************
 Defined at:
		line 8 in file "C:\Program Files (x86)\Microchip\xc8\v1.45\sources\common\awdiv.c"
 Parameters:    Size  Location     Type
  dividend        2   31[COMRAM] int 
  divisor         2   33[COMRAM] int 
 Auto vars:     Size  Location     Type
  quotient        2   37[COMRAM] int 
  sign            1   36[COMRAM] unsigned char 
  counter         1   35[COMRAM] unsigned char 
 Return value:  Size  Location     Type
                  2   31[COMRAM] int 
 Registers used:
		wreg, status,2, status,0
 Tracked objects:
		On entry : 
		On exit  : 
		Unchanged: 
 Data sizes:     COMRAM   BANK0   BANK1   BANK2   BANK3   BANK4   BANK5
      Params:         4       0       0       0       0       0       0
      Locals:         4       0       0       0       0       0       0
      Temps:          0       0       0       0       0       0       0
      Totals:         8       0       0       0       0       0       0
Total ram usage:        8 bytes
 Hardware stack levels used:    1
 Hardware stack levels required when called:    2
 This function calls:
		Nothing
 This function is called by:
		_main
 This function uses a non-reentrant model


 *************** function _UartInit *****************
 Defined at:
		line 437 in file "main.c"
 Parameters:    Size  Location     Type
		None
 Auto vars:     Size  Location     Type
		None
 Return value:  Size  Location     Type
                  1    wreg      void 
 Registers used:
		wreg, status,2
 Tracked objects:
		On entry : 
		On exit  : 
		Unchanged: 
 Data sizes:     COMRAM   BANK0   BANK1   BANK2   BANK3   BANK4   BANK5
      Params:         0       0       0       0       0       0       0
      Locals:         0       0       0       0       0       0       0
      Temps:          0       0       0       0       0       0       0
      Totals:         0       0       0       0       0       0       0
Total ram usage:        0 bytes
 Hardware stack levels used:    1
 Hardware stack levels required when called:    2
 This function calls:
		Nothing
 This function is called by:
		_main
 This function uses a non-reentrant model


 *************** function _SpiInit *****************
 Defined at:
		line 414 in file "main.c"
 Parameters:    Size  Location     Type
		None
 Auto vars:     Size  Location     Type
		None
 Return value:  Size  Location     Type
                  1    wreg      void 
 Registers used:
		wreg, status,2
 Tracked objects:
		On entry : 
		On exit  : 
		Unchanged: 
 Data sizes:     COMRAM   BANK0   BANK1   BANK2   BANK3   BANK4   BANK5
      Params:         0       0       0       0       0       0       0
      Locals:         0       0       0       0       0       0       0
      Temps:          0       0       0       0       0       0       0
      Totals:         0       0       0       0       0       0       0
Total ram usage:        0 bytes
 Hardware stack levels used:    1
 Hardware stack levels required when called:    2
 This function calls:
		Nothing
 This function is called by:
		_main
 This function uses a non-reentrant model


 *************** function _PrintS *****************
 Defined at:
		line 532 in file "main.c"
 Parameters:    Size  Location     Type
  s_printS        2   32[COMRAM] PTR const unsigned char 
		 -> SendMsgSreen(252), 
 Auto vars:     Size  Location     Type
		None
 Return value:  Size  Location     Type
                  1    wreg      void 
 Registers used:
		wreg, fsr2l, fsr2h, status,2, status,0, cstack
 Tracked objects:
		On entry : 
		On exit  : 
		Unchanged: 
 Data sizes:     COMRAM   BANK0   BANK1   BANK2   BANK3   BANK4   BANK5
      Params:         2       0       0       0       0       0       0
      Locals:         0       0       0       0       0       0       0
      Temps:          0       0       0       0       0       0       0
      Totals:         2       0       0       0       0       0       0
Total ram usage:        2 bytes
 Hardware stack levels used:    1
 Hardware stack levels required when called:    3
 This function calls:
		_PrintC
 This function is called by:
		_main
 This function uses a non-reentrant model


 *************** function _PrintC *****************
 Defined at:
		line 517 in file "main.c"
 Parameters:    Size  Location     Type
  c_printC        1    wreg     unsigned char 
 Auto vars:     Size  Location     Type
  c_printC        1   31[COMRAM] unsigned char 
 Return value:  Size  Location     Type
                  1    wreg      void 
 Registers used:
		wreg
 Tracked objects:
		On entry : 
		On exit  : 
		Unchanged: 
 Data sizes:     COMRAM   BANK0   BANK1   BANK2   BANK3   BANK4   BANK5
      Params:         0       0       0       0       0       0       0
      Locals:         1       0       0       0       0       0       0
      Temps:          0       0       0       0       0       0       0
      Totals:         1       0       0       0       0       0       0
Total ram usage:        1 bytes
 Hardware stack levels used:    1
 Hardware stack levels required when called:    2
 This function calls:
		Nothing
 This function is called by:
		_PrintS
 This function uses a non-reentrant model


 *************** function _InitTmr0 *****************
 Defined at:
		line 469 in file "main.c"
 Parameters:    Size  Location     Type
		None
 Auto vars:     Size  Location     Type
		None
 Return value:  Size  Location     Type
                  1    wreg      void 
 Registers used:
		wreg, status,2
 Tracked objects:
		On entry : 
		On exit  : 
		Unchanged: 
 Data sizes:     COMRAM   BANK0   BANK1   BANK2   BANK3   BANK4   BANK5
      Params:         0       0       0       0       0       0       0
      Locals:         0       0       0       0       0       0       0
      Temps:          0       0       0       0       0       0       0
      Totals:         0       0       0       0       0       0       0
Total ram usage:        0 bytes
 Hardware stack levels used:    1
 Hardware stack levels required when called:    2
 This function calls:
		Nothing
 This function is called by:
		_main
 This function uses a non-reentrant model


 *************** function _ClockInit *****************
 Defined at:
		line 394 in file "main.c"
 Parameters:    Size  Location     Type
		None
 Auto vars:     Size  Location     Type
		None
 Return value:  Size  Location     Type
                  1    wreg      void 
 Registers used:
		None
 Tracked objects:
		On entry : 
		On exit  : 
		Unchanged: 
 Data sizes:     COMRAM   BANK0   BANK1   BANK2   BANK3   BANK4   BANK5
      Params:         0       0       0       0       0       0       0
      Locals:         0       0       0       0       0       0       0
      Temps:          0       0       0       0       0       0       0
      Totals:         0       0       0       0       0       0       0
Total ram usage:        0 bytes
 Hardware stack levels used:    1
 Hardware stack levels required when called:    2
 This function calls:
		Nothing
 This function is called by:
		_main
 This function uses a non-reentrant model


 *************** function _ClearArray *****************
 Defined at:
		line 548 in file "main.c"
 Parameters:    Size  Location     Type
		None
 Auto vars:     Size  Location     Type
  cpt_vide        1   31[COMRAM] unsigned char 
 Return value:  Size  Location     Type
                  1    wreg      void 
 Registers used:
		wreg, fsr2l, fsr2h, status,2, status,0, prodl, prodh
 Tracked objects:
		On entry : 
		On exit  : 
		Unchanged: 
 Data sizes:     COMRAM   BANK0   BANK1   BANK2   BANK3   BANK4   BANK5
      Params:         0       0       0       0       0       0       0
      Locals:         1       0       0       0       0       0       0
      Temps:          0       0       0       0       0       0       0
      Totals:         1       0       0       0       0       0       0
Total ram usage:        1 bytes
 Hardware stack levels used:    1
 Hardware stack levels required when called:    2
 This function calls:
		Nothing
 This function is called by:
		_main
 This function uses a non-reentrant model


 *************** function _Adc *****************
 Defined at:
		line 499 in file "main.c"
 Parameters:    Size  Location     Type
  channel         1    wreg     unsigned char 
 Auto vars:     Size  Location     Type
  channel         1   35[COMRAM] unsigned char 
 Return value:  Size  Location     Type
                  2   31[COMRAM] unsigned int 
 Registers used:
		wreg, status,2, status,0
 Tracked objects:
		On entry : 
		On exit  : 
		Unchanged: 
 Data sizes:     COMRAM   BANK0   BANK1   BANK2   BANK3   BANK4   BANK5
      Params:         2       0       0       0       0       0       0
      Locals:         1       0       0       0       0       0       0
      Temps:          2       0       0       0       0       0       0
      Totals:         5       0       0       0       0       0       0
Total ram usage:        5 bytes
 Hardware stack levels used:    1
 Hardware stack levels required when called:    2
 This function calls:
		Nothing
 This function is called by:
		_main
 This function uses a non-reentrant model


 *************** function _ADCInit *****************
 Defined at:
		line 400 in file "main.c"
 Parameters:    Size  Location     Type
		None
 Auto vars:     Size  Location     Type
		None
 Return value:  Size  Location     Type
                  1    wreg      void 
 Registers used:
		wreg, status,2
 Tracked objects:
		On entry : 
		On exit  : 
		Unchanged: 
 Data sizes:     COMRAM   BANK0   BANK1   BANK2   BANK3   BANK4   BANK5
      Params:         0       0       0       0       0       0       0
      Locals:         0       0       0       0       0       0       0
      Temps:          0       0       0       0       0       0       0
      Totals:         0       0       0       0       0       0       0
Total ram usage:        0 bytes
 Hardware stack levels used:    1
 Hardware stack levels required when called:    2
 This function calls:
		Nothing
 This function is called by:
		_main
 This function uses a non-reentrant model


 *************** function _ISR *****************
 Defined at:
		line 575 in file "main.c"
 Parameters:    Size  Location     Type
		None
 Auto vars:     Size  Location     Type
  Receive         1   29[COMRAM] unsigned char 
  data_spi        1   30[COMRAM] unsigned char 
 Return value:  Size  Location     Type
                  1    wreg      void 
 Registers used:
		wreg, fsr1l, fsr1h, fsr2l, fsr2h, status,2, status,0, prodl, prodh, cstack
 Tracked objects:
		On entry : 
		On exit  : 
		Unchanged: 
 Data sizes:     COMRAM   BANK0   BANK1   BANK2   BANK3   BANK4   BANK5
      Params:         0       0       0       0       0       0       0
      Locals:         2       0       0       0       0       0       0
      Temps:         25       0       0       0       0       0       0
      Totals:        27       0       0       0       0       0       0
Total ram usage:       27 bytes
 Hardware stack levels used:    1
 Hardware stack levels required when called:    1
 This function calls:
		_Modulo
		___lbmod
 This function is called by:
		Interrupt level 2
 This function uses a non-reentrant model


 *************** function ___lbmod *****************
 Defined at:
		line 4 in file "C:\Program Files (x86)\Microchip\xc8\v1.45\sources\common\lbmod.c"
 Parameters:    Size  Location     Type
  dividend        1    wreg     unsigned char 
  divisor         1    0[COMRAM] unsigned char 
 Auto vars:     Size  Location     Type
  dividend        1    1[COMRAM] unsigned char 
  rem             1    3[COMRAM] unsigned char 
  counter         1    2[COMRAM] unsigned char 
 Return value:  Size  Location     Type
                  1    wreg      unsigned char 
 Registers used:
		wreg, status,2, status,0
 Tracked objects:
		On entry : 
		On exit  : 
		Unchanged: 
 Data sizes:     COMRAM   BANK0   BANK1   BANK2   BANK3   BANK4   BANK5
      Params:         1       0       0       0       0       0       0
      Locals:         3       0       0       0       0       0       0
      Temps:          0       0       0       0       0       0       0
      Totals:         4       0       0       0       0       0       0
Total ram usage:        4 bytes
 Hardware stack levels used:    1
 This function calls:
		Nothing
 This function is called by:
		_ISR
 This function uses a non-reentrant model


 *************** function _Modulo *****************
 Defined at:
		line 566 in file "main.c"
 Parameters:    Size  Location     Type
  M_nombre        2    0[COMRAM] short 
 Auto vars:     Size  Location     Type
		None
 Return value:  Size  Location     Type
                  1    wreg      unsigned char 
 Registers used:
		wreg, status,2, status,0
 Tracked objects:
		On entry : 
		On exit  : 
		Unchanged: 
 Data sizes:     COMRAM   BANK0   BANK1   BANK2   BANK3   BANK4   BANK5
      Params:         2       0       0       0       0       0       0
      Locals:         0       0       0       0       0       0       0
      Temps:          0       0       0       0       0       0       0
      Totals:         2       0       0       0       0       0       0
Total ram usage:        2 bytes
 Hardware stack levels used:    1
 This function calls:
		Nothing
 This function is called by:
		_ISR
 This function uses a non-reentrant model



MODULE INFORMATION

Module		Function		Class		Link	Load	Size
C:\Program Files (x86)\Microchip\xc8\v1.45\sources\common\ftneg.c
		___ftneg       		CODE           	1E4A	0000	39

C:\Program Files (x86)\Microchip\xc8\v1.45\sources\common\ftneg.c estimated size: 39

C:\Program Files (x86)\Microchip\xc8\v1.45\sources\common\ftsub.c
		___ftsub       		CODE           	1C6C	0000	67

C:\Program Files (x86)\Microchip\xc8\v1.45\sources\common\ftsub.c estimated size: 67

C:\Program Files (x86)\Microchip\xc8\v1.45\sources\common\float.c
		___ftpack      		CODE           	18D6	0000	175

C:\Program Files (x86)\Microchip\xc8\v1.45\sources\common\float.c estimated size: 175

C:\Program Files (x86)\Microchip\xc8\v1.45\sources\common\Umul16.c
		___wmul        		CODE           	1E24	0000	39

C:\Program Files (x86)\Microchip\xc8\v1.45\sources\common\Umul16.c estimated size: 39

C:\Program Files (x86)\Microchip\xc8\v1.45\sources\common\frexp.c
		_ldexp         		CODE           	1810	0000	199
		_frexp         		CODE           	1BA8	0000	121

C:\Program Files (x86)\Microchip\xc8\v1.45\sources\common\frexp.c estimated size: 320

C:\Program Files (x86)\Microchip\xc8\v1.45\sources\common\ftge.c
		___ftge        		CODE           	1A1A	0000	145

C:\Program Files (x86)\Microchip\xc8\v1.45\sources\common\ftge.c estimated size: 145

C:\Program Files (x86)\Microchip\xc8\v1.45\sources\common\floor.c
		_floor         		CODE           	1654	0000	227

C:\Program Files (x86)\Microchip\xc8\v1.45\sources\common\floor.c estimated size: 227

C:\Program Files (x86)\Microchip\xc8\v1.45\sources\common\ftmul.c
		___ftmul       		CODE           	1384	0000	247

C:\Program Files (x86)\Microchip\xc8\v1.45\sources\common\ftmul.c estimated size: 247

C:\Program Files (x86)\Microchip\xc8\v1.45\sources\common\ftdiv.c
		___ftdiv       		CODE           	156E	0000	231

C:\Program Files (x86)\Microchip\xc8\v1.45\sources\common\ftdiv.c estimated size: 231

shared
		exp@coeff      		SMALLCONST     	071D	0000	31
		__initialization		CODE           	1984	0000	137

shared estimated size: 168

C:\Program Files (x86)\Microchip\xc8\v1.45\sources\common\fttol.c
		___fttol       		CODE           	147A	0000	245

C:\Program Files (x86)\Microchip\xc8\v1.45\sources\common\fttol.c estimated size: 245

C:\Program Files (x86)\Microchip\xc8\v1.45\sources\common\awtoft.c
		___awtoft      		CODE           	1CAE	0000	59

C:\Program Files (x86)\Microchip\xc8\v1.45\sources\common\awtoft.c estimated size: 59

C:\Program Files (x86)\Microchip\xc8\v1.45\sources\common\awdiv.c
		___awdiv       		CODE           	1AAA	0000	133

C:\Program Files (x86)\Microchip\xc8\v1.45\sources\common\awdiv.c estimated size: 133

C:\Program Files (x86)\Microchip\xc8\v1.45\sources\common\evalpoly.c
		_eval_poly     		CODE           	1736	0000	219

C:\Program Files (x86)\Microchip\xc8\v1.45\sources\common\evalpoly.c estimated size: 219

C:\Program Files (x86)\Microchip\xc8\v1.45\sources\common\ftadd.c
		___ftadd       		CODE           	11D6	0000	431

C:\Program Files (x86)\Microchip\xc8\v1.45\sources\common\ftadd.c estimated size: 431

C:\Program Files (x86)\Microchip\xc8\v1.45\sources\common\lbmod.c
		___lbmod       		CODE           	1DAA	0000	43

C:\Program Files (x86)\Microchip\xc8\v1.45\sources\common\lbmod.c estimated size: 43

main.c
		_SpiInit       		CODE           	1D80	0000	43
		_InitTmr0      		CODE           	1E94	0000	29
		_ISR           		CODE           	0008	0000	1809
		_Adc           		CODE           	1D1E	0000	51
		_ClearArray    		CODE           	1DD4	0000	41
		_ADCInit       		CODE           	1DFC	0000	41
		_main          		CODE           	073C	0000	2217
		_PrintC        		CODE           	1EC8	0000	15
		_Modulo        		CODE           	1EB0	0000	25
		_UartInit      		CODE           	1D50	0000	49
		_ClockInit     		CODE           	1ED6	0000	15
		_PrintS        		CODE           	1CE8	0000	55

main.c estimated size: 4390

C:\Program Files (x86)\Microchip\xc8\v1.45\sources\common\lwtoft.c
		___lwtoft      		CODE           	1E70	0000	37

C:\Program Files (x86)\Microchip\xc8\v1.45\sources\common\lwtoft.c estimated size: 37

C:\Program Files (x86)\Microchip\xc8\v1.45\sources\common\exp.c
		_exp           		CODE           	0FE4	0000	499

C:\Program Files (x86)\Microchip\xc8\v1.45\sources\common\exp.c estimated size: 499

C:\Program Files (x86)\Microchip\xc8\v1.45\sources\common\altoft.c
		___altoft      		CODE           	1B2E	0000	123

C:\Program Files (x86)\Microchip\xc8\v1.45\sources\common\altoft.c estimated size: 123

