Microchip MPLAB XC8 Compiler V1.45 ()

Linker command line:

-W-3 --edf=C:\Program Files (x86)\Microchip\xc8\v1.45\dat\en_msgs.txt -cs \
  -h+dist/default/debug\pic_aff.X.debug.sym \
  --cmf=dist/default/debug\pic_aff.X.debug.cmf -z -Q18LF2520 \
  -oC:\Users\xoxox\AppData\Local\Temp\s7p8.2 \
  -Mdist/default/debug/pic_aff.X.debug.map -E1 -ver=XC8 -ASTACK=03C4h-05eeh \
  -pstack=STACK -ACODE=00h-07D2Fh -ACONST=00h-07D2Fh \
  -ASMALLCONST=0600h-06FFhx119,07D00h-07D2Fh -AMEDIUMCONST=0600h-07D2Fh \
  -ACOMRAM=01h-07Fh -AABS1=00h-05EEh -ABIGRAM=01h-05EEh \
  -ARAM=080h-0FFh,0100h-01FFhx4,0500h-05EEh -ABANK0=080h-0FFh \
  -ABANK1=0100h-01FFh -ABANK2=0200h-02FFh -ABANK3=0300h-03FFh \
  -ABANK4=0400h-04FFh -ABANK5=0500h-05EEh \
  -ASFR=0F80h-0F9Bh,0F9Dh-0FD3h,0FD5h-0FDAh,0FE0h-0FE2h,0FE8h-0FEAh,0FF0h-0FFBh \
  -preset_vec=00h,intcode=08h,intcodelo,powerup,init -pramtop=0600h \
  -psmallconst=SMALLCONST -pmediumconst=MEDIUMCONST -pconst=CONST \
  -AFARRAM=00h-00h -ACONFIG=0300000h-030000Dh -pconfig=CONFIG \
  -AIDLOC=0200000h-0200007h -pidloc=IDLOC -AEEDATA=0F00000h-0F000FFh \
  -peeprom_data=EEDATA \
  -prdata=COMRAM,nvrram=COMRAM,nvbit=COMRAM,rbss=COMRAM,rbit=COMRAM \
  -pfarbss=FARRAM,fardata=FARRAM,nvFARRAM=FARRAM \
  -pintsave_regs=BIGRAM,bigbss=BIGRAM,bigdata=BIGRAM -pbss=RAM \
  -pidata=CODE,irdata=CODE,ibigdata=CODE,ifardata=CODE -prparam=COMRAM \
  C:\Users\xoxox\AppData\Local\Temp\s7p8.obj \
  dist/default/debug\pic_aff.X.debug.obj 

Object code version is 3.11

Machine type is 18LF2520

Call graph: (short form)




                Name                               Link     Load   Length Selector   Space Scale
C:\Users\xoxox\AppData\Local\Temp\s7p8.obj
                init                                52C      52C        4        4       0
                reset_vec                             0        0        6        0       0
                idloc                            200000   200000        8   200000       0
                config                           300000   300000        E   300000       0
dist/default/debug\pic_aff.X.debug.obj
                intcode                               8        8      524        4       0
                temp                                 5B       5B        1        1       1
                smallconst                          600      600       20      300       0
                text29                             1CA2     1CA2       18      D46       0
                text27                             1BF0     1BF0       28      D46       0
                text26                             1B3C     1B3C       32      D46       0
                text25                             1BC8     1BC8       28      D46       0
                text24                             1CC8     1CC8        E      D46       0
                text23                             1C86     1C86       1C      D46       0
                text22                             1CBA     1CBA        E      D46       0
                text21                             1B06     1B06       36      D46       0
                text20                             1B9E     1B9E       2A      D46       0
                text19                             1B6E     1B6E       30      D46       0
                text18                             18CA     18CA       84      310       0
                text17                             16F6     16F6       AE      310       0
                text16                             1C62     1C62       24      D46       0
                text15                             1ACE     1ACE       38      D46       0
                text14                             138E     138E       E6      310       0
                text13                             1C3E     1C3E       24      D46       0
                text12                              FF6      FF6      1AE      310       0
                text11                             1A8C     1A8C       42      D46       0
                text10                             11A4     11A4       F6      310       0
                text9                              1C18     1C18       26      D46       0
                text8                              1556     1556       DA      310       0
                text7                              194E     194E       7A      310       0
                text6                              183A     183A       90      310       0
                text5                              129A     129A       F4      310       0
                text4                              19C8     19C8       78      310       0
                text3                              1474     1474       E2      310       0
                text2                              1630     1630       C6      310       0
                text1                               E04      E04      1F2      310       0
                text0                               620      620      7E4      310       0
                cstackCOMRAM                          1        1       52        1       1
                cstackBANK0                          80       80       4C       80       1
                bssBANK3                            300      300       C4      300       1
                dataBANK2                           200      200       4B      200       1
                bssBANK1                            100      100       FC      100       1
                dataBANK0                            D3       D3        5       80       1
                bssBANK0                             CC       CC        7       80       1
                dataCOMRAM                           59       59        2        1       1
                bssCOMRAM                            53       53        6        1       1
                cinit                              17A4     17A4       96      310       0
                idataBANK2                         1A40     1A40       4B      310       0
                idataBANK0                         1CD6     1CD6        5      D46       0
                idataCOMRAM                        1CDB     1CDB        2      D46       0

TOTAL           Name                               Link     Load   Length     Space
        CLASS   STACK          

        CLASS   CODE           
                intcode                               8        8      524         0
                init                                52C      52C        4         0
                reset_vec                             0        0        6         0
                text29                             1CA2     1CA2       18         0
                text27                             1BF0     1BF0       28         0
                text26                             1B3C     1B3C       32         0
                text25                             1BC8     1BC8       28         0
                text24                             1CC8     1CC8        E         0
                text23                             1C86     1C86       1C         0
                text22                             1CBA     1CBA        E         0
                text21                             1B06     1B06       36         0
                text20                             1B9E     1B9E       2A         0
                text19                             1B6E     1B6E       30         0
                text18                             18CA     18CA       84         0
                text17                             16F6     16F6       AE         0
                text16                             1C62     1C62       24         0
                text15                             1ACE     1ACE       38         0
                text14                             138E     138E       E6         0
                text13                             1C3E     1C3E       24         0
                text12                              FF6      FF6      1AE         0
                text11                             1A8C     1A8C       42         0
                text10                             11A4     11A4       F6         0
                text9                              1C18     1C18       26         0
                text8                              1556     1556       DA         0
                text7                              194E     194E       7A         0
                text6                              183A     183A       90         0
                text5                              129A     129A       F4         0
                text4                              19C8     19C8       78         0
                text3                              1474     1474       E2         0
                text2                              1630     1630       C6         0
                text1                               E04      E04      1F2         0
                text0                               620      620      7E4         0
                cinit                              17A4     17A4       96         0
                idataBANK2                         1A40     1A40       4B         0
                idataBANK0                         1CD6     1CD6        5         0
                idataCOMRAM                        1CDB     1CDB        2         0

        CLASS   CONST          

        CLASS   SMALLCONST     
                smallconst                          600      600       20         0

        CLASS   MEDIUMCONST    

        CLASS   COMRAM         
                temp                                 5B       5B        1         1
                cstackCOMRAM                          1        1       52         1
                dataCOMRAM                           59       59        2         1
                bssCOMRAM                            53       53        6         1

        CLASS   ABS1           

        CLASS   BIGRAM         

        CLASS   RAM            

        CLASS   BANK0          
                cstackBANK0                          80       80       4C         1
                dataBANK0                            D3       D3        5         1
                bssBANK0                             CC       CC        7         1

        CLASS   BANK1          
                bssBANK1                            100      100       FC         1

        CLASS   BANK2          
                dataBANK2                           200      200       4B         1

        CLASS   BANK3          
                bssBANK3                            300      300       C4         1

        CLASS   BANK4          

        CLASS   BANK5          

        CLASS   SFR            

        CLASS   FARRAM         

        CLASS   CONFIG         
                config                           300000   300000        E         0

        CLASS   IDLOC          
                idloc                            200000   200000        8         0

        CLASS   EEDATA         



SEGMENTS        Name                           Load    Length   Top    Selector   Space  Class

                reset_vec                      000000  000006  000006         0       0  CODE    
                cstackCOMRAM                   000001  00005B  00005C         1       1  COMRAM  
                intcode                        000008  000528  000530         4       0  CODE    
                cstackBANK0                    000080  000058  0000D8        80       1  BANK0   
                bssBANK1                       000100  0000FC  0001FC       100       1  BANK1   
                dataBANK2                      000200  00004B  00024B       200       1  BANK2   
                bssBANK3                       000300  0000C4  0003C4       300       1  BANK3   
                smallconst                     000600  000020  000620       300       0  SMALLCON
                text0                          000620  00146B  001A8B       310       0  CODE    
                text11                         001A8C  000251  001CDD       D46       0  CODE    
                idloc                          200000  000008  200008    200000       0  IDLOC   
                config                         300000  00000E  30000E    300000       0  CONFIG  


UNUSED ADDRESS RANGES

        Name                Unused          Largest block    Delta
        BANK0            0000D8-0000FF               28
        BANK1            0001FC-0001FF                4
        BANK2            00024B-0002FF               B5
        BANK3            0003C4-0003FF               3C
        BANK4            000400-0004FF              100
        BANK5            000500-0005EE               EF
        BIGRAM           00005C-00007F               24
                         0000D8-0000FF               28
                         0001FC-0001FF                4
                         00024B-0002FF               B5
                         0003C4-0005EE              22B
        CODE             000006-000007                2
                         000530-0005FF               D0
                         001A8B-001A8B                1
                         001CDD-007D2F             6053
        COMRAM           00005C-00007F               24
        CONST            000006-000007                2
                         000530-0005FF               D0
                         001A8B-001A8B                1
                         001CDD-007D2F             6053
        EEDATA           F00000-F000FF              100
        MEDIUMCONST      001A8B-001A8B                1
                         001CDD-007D2F             6053
        RAM              0000D8-0000FF               28
                         0001FC-0001FF                4
                         00024B-0002FF               B5
                         0003C4-0005EE              100
        SFR              000F80-000F9B               1C
                         000F9D-000FD3               37
                         000FD5-000FDA                6
                         000FE0-000FE2                3
                         000FE8-000FEA                3
                         000FF0-000FFB                C
        SMALLCONST       001A8B-001A8B                1
                         001CDD-007D2F              100
        STACK            0003C4-0005EE              22B

                                  Symbol Table

?_Adc                    cstackCOMRAM 000025
?___altoft               cstackCOMRAM 00004B
?___awdiv                cstackCOMRAM 000025
?___awtoft               cstackCOMRAM 00004B
?___ftadd                cstackBANK0  00008F
?___ftdiv                cstackCOMRAM 00002D
?___ftmul                cstackBANK0  000080
?___ftneg                cstackCOMRAM 00004F
?___ftpack               cstackCOMRAM 000025
?___ftsub                cstackBANK0  00009B
?___fttol                cstackCOMRAM 00003C
?___lwtoft               cstackCOMRAM 00002D
?___wmul                 cstackCOMRAM 000025
?_eval_poly              cstackBANK0  00009B
?_exp                    cstackBANK0  0000AE
?_floor                  cstackBANK0  00009B
?_ldexp                  cstackBANK0  0000A7
Adc@channel              cstackCOMRAM 000029
ClearArray@cpt_vide      cstackCOMRAM 000025
ISR@Receive              cstackCOMRAM 000023
ISR@data_spi             cstackCOMRAM 000024
ISR@j                    cstackCOMRAM 000019
ISR@j_919                cstackCOMRAM 00001B
ISR@j_920                cstackCOMRAM 00001D
ISR@j_921                cstackCOMRAM 00001F
ISR@j_922                cstackCOMRAM 000021
Modulo@M_nombre          cstackCOMRAM 000001
PrintC@c_printC          cstackCOMRAM 000025
PrintS@s_printS          cstackCOMRAM 000026
_ABDEN                   (abs)        007DC0
_ADCInit                 text27       001BF0
_ADCON0bits              (abs)        000FC2
_ADCON1bits              (abs)        000FC1
_ADCON2bits              (abs)        000FC0
_ADRESH                  (abs)        000FC4
_ADRESL                  (abs)        000FC3
_Adc                     text26       001B3C
_AutoLight               bssBANK0     0000D1
_BRG16                   (abs)        007DC3
_BRGH                    (abs)        007D62
_CREN                    (abs)        007D5C
_Checksum                bssCOMRAM    000053
_ClearArray              text25       001BC8
_ClockInit               text24       001CC8
_CptSend                 dataCOMRAM   000059
_CptSpi                  dataCOMRAM   00005A
_EtatScreen              bssBANK0     0000D2
_EtatSpi                 bssCOMRAM    000058
_FERR                    (abs)        007D5A
_FlagSleep               bssCOMRAM    000055
_FlagSpi                 dataBANK0    0000D7
_INTCONbits              (abs)        000FF2
_ISR                     intcode      000008
_InitTmr0                text23       001C86
_LATAbits                (abs)        000F89
_LATCbits                (abs)        000F8B
_Modulo                  text29       001CA2
_OERR                    (abs)        007D59
_OSCCONbits              (abs)        000FD3
_OSCTUNEbits             (abs)        000F9B
_PIE1bits                (abs)        000F9D
_PIR1bits                (abs)        000F9E
_PSA                     (abs)        007EAB
_PosCursorPrgm           bssBANK0     0000D0
_PosX                    dataBANK0    0000D5
_PosY                    dataBANK0    0000D3
_PrgmChoisi              bssCOMRAM    000056
_PrintC                  text22       001CBA
_PrintS                  text21       001B06
_RCIE                    (abs)        007CED
_RCIF                    (abs)        007CF5
_RCREG                   (abs)        000FAE
_RX9                     (abs)        007D5E
_RXDTP                   (abs)        007DC5
_SENDB                   (abs)        007D63
_SPBRG                   (abs)        000FAF
_SPBRGH                  (abs)        000FB0
_SPEN                    (abs)        007D5F
_SSPBUF                  (abs)        000FC9
_SSPCON1bits             (abs)        000FC6
_SSPSTATbits             (abs)        000FC7
_SYNC                    (abs)        007D64
_SendMsgSreen            bssBANK1     000100
_SpiInit                 text20       001B9E
_T08BIT                  (abs)        007EAE
_T0CS                    (abs)        007EAD
_T0PS0                   (abs)        007EA8
_T0PS1                   (abs)        007EA9
_T0PS2                   (abs)        007EAA
_T0SE                    (abs)        007EAC
_TMR0H                   (abs)        000FD7
_TMR0IF                  (abs)        007F92
_TMR0L                   (abs)        000FD6
_TMR0ON                  (abs)        007EAF
_TRISA5                  (abs)        007C95
_TRISAbits               (abs)        000F92
_TRISC3                  (abs)        007CA3
_TRISC4                  (abs)        007CA4
_TRISC5                  (abs)        007CA5
_TRISC6                  (abs)        007CA6
_TRISC7                  (abs)        007CA7
_TRISCbits               (abs)        000F94
_TX9                     (abs)        007D66
_TXCKP                   (abs)        007DC4
_TXEN                    (abs)        007D65
_TXREG1                  (abs)        000FAD
_TXSTA1bits              (abs)        000FAC
_TailleMsgSpi            bssCOMRAM    000057
_TextSpi                 bssBANK3     000300
_TypeVarSpi              bssBANK0     0000CF
_UartInit                text19       001B6E
_WUE                     (abs)        007DC1
__CFG_BOREN$SBORDIS      (abs)        000000
__CFG_BORV$3             (abs)        000000
__CFG_CCP2MX$PORTC       (abs)        000000
__CFG_CP0$OFF            (abs)        000000
__CFG_CP1$OFF            (abs)        000000
__CFG_CP2$OFF            (abs)        000000
__CFG_CP3$OFF            (abs)        000000
__CFG_CPB$OFF            (abs)        000000
__CFG_CPD$OFF            (abs)        000000
__CFG_EBTR0$OFF          (abs)        000000
__CFG_EBTR1$OFF          (abs)        000000
__CFG_EBTR2$OFF          (abs)        000000
__CFG_EBTR3$OFF          (abs)        000000
__CFG_EBTRB$OFF          (abs)        000000
__CFG_FCMEN$OFF          (abs)        000000
__CFG_IESO$OFF           (abs)        000000
__CFG_LPT1OSC$OFF        (abs)        000000
__CFG_LVP$OFF            (abs)        000000
__CFG_MCLRE$ON           (abs)        000000
__CFG_OSC$INTIO67        (abs)        000000
__CFG_PBADEN$ON          (abs)        000000
__CFG_PWRT$OFF           (abs)        000000
__CFG_STVREN$ON          (abs)        000000
__CFG_WDT$OFF            (abs)        000000
__CFG_WDTPS$32768        (abs)        000000
__CFG_WRT0$OFF           (abs)        000000
__CFG_WRT1$OFF           (abs)        000000
__CFG_WRT2$OFF           (abs)        000000
__CFG_WRT3$OFF           (abs)        000000
__CFG_WRTB$OFF           (abs)        000000
__CFG_WRTC$OFF           (abs)        000000
__CFG_WRTD$OFF           (abs)        000000
__CFG_XINST$OFF          (abs)        000000
__HRAM                   (abs)        000000
__Habs1                  abs1         000000
__Hbank0                 bank0        000000
__Hbank1                 bank1        000000
__Hbank2                 bank2        000000
__Hbank3                 bank3        000000
__Hbank4                 bank4        000000
__Hbank5                 bank5        000000
__Hbigbss                bigbss       000000
__Hbigdata               bigdata      000000
__Hbigram                bigram       000000
__Hbss                   bss          000000
__HbssBANK0              bssBANK0     000000
__HbssBANK1              bssBANK1     000000
__HbssBANK3              bssBANK3     000000
__HbssCOMRAM             bssCOMRAM    000000
__Hcinit                 cinit        000000
__Hclrtext               clrtext      000000
__Hcomram                comram       000000
__Hconfig                config       30000E
__Hconst                 const        000000
__HcstackBANK0           cstackBANK0  000000
__HcstackCOMRAM          cstackCOMRAM 000000
__Hdata                  data         000000
__HdataBANK0             dataBANK0    000000
__HdataBANK2             dataBANK2    000000
__HdataCOMRAM            dataCOMRAM   000000
__Heeprom_data           eeprom_data  000000
__Hfarbss                farbss       000000
__Hfardata               fardata      000000
__Hibigdata              ibigdata     000000
__Hidata                 idata        000000
__HidataBANK0            idataBANK0   000000
__HidataBANK2            idataBANK2   000000
__HidataCOMRAM           idataCOMRAM  000000
__Hidloc                 idloc        200008
__Hifardata              ifardata     000000
__Hinit                  init         000530
__Hintcode               intcode      00052C
__Hintcode_body          intcode_body 000000
__Hintcodelo             intcodelo    00052C
__Hintentry              intentry     000000
__Hintret                intret       000000
__Hintsave_regs          intsave_regs 000000
__Hirdata                irdata       000000
__Hmediumconst           mediumconst  000000
__HnvFARRAM              nvFARRAM     000000
__Hnvbit                 nvbit        000000
__Hnvrram                nvrram       000000
__Hparam                 rparam       000000
__Hpowerup               powerup      00052C
__Hram                   ram          000000
__Hramtop                ramtop       000600
__Hrbit                  rbit         000000
__Hrbss                  rbss         000000
__Hrdata                 rdata        000000
__Hreset_vec             reset_vec    000006
__Hrparam                rparam       000000
__Hsfr                   sfr          000000
__Hsmallconst            smallconst   000620
__Hspace_0               (abs)        30000E
__Hspace_1               (abs)        0003C4
__Hspace_2               (abs)        000000
__Hstack                 stack        000000
__Hstruct                struct       000000
__Htemp                  temp         00005C
__Htext                  text         000000
__Htext0                 text0        000000
__Htext1                 text1        000000
__Htext10                text10       000000
__Htext11                text11       000000
__Htext12                text12       000000
__Htext13                text13       000000
__Htext14                text14       000000
__Htext15                text15       000000
__Htext16                text16       000000
__Htext17                text17       000000
__Htext18                text18       000000
__Htext19                text19       000000
__Htext2                 text2        000000
__Htext20                text20       000000
__Htext21                text21       000000
__Htext22                text22       000000
__Htext23                text23       000000
__Htext24                text24       000000
__Htext25                text25       000000
__Htext26                text26       000000
__Htext27                text27       000000
__Htext29                text29       000000
__Htext3                 text3        000000
__Htext4                 text4        000000
__Htext5                 text5        000000
__Htext6                 text6        000000
__Htext7                 text7        000000
__Htext8                 text8        000000
__Htext9                 text9        000000
__LRAM                   (abs)        000001
__Labs1                  abs1         000000
__Lbank0                 bank0        000000
__Lbank1                 bank1        000000
__Lbank2                 bank2        000000
__Lbank3                 bank3        000000
__Lbank4                 bank4        000000
__Lbank5                 bank5        000000
__Lbigbss                bigbss       000000
__Lbigdata               bigdata      000000
__Lbigram                bigram       000000
__Lbss                   bss          000000
__LbssBANK0              bssBANK0     000000
__LbssBANK1              bssBANK1     000000
__LbssBANK3              bssBANK3     000000
__LbssCOMRAM             bssCOMRAM    000000
__Lcinit                 cinit        000000
__Lclrtext               clrtext      000000
__Lcomram                comram       000000
__Lconfig                config       300000
__Lconst                 const        000000
__LcstackBANK0           cstackBANK0  000000
__LcstackCOMRAM          cstackCOMRAM 000000
__Ldata                  data         000000
__LdataBANK0             dataBANK0    000000
__LdataBANK2             dataBANK2    000000
__LdataCOMRAM            dataCOMRAM   000000
__Leeprom_data           eeprom_data  000000
__Lfarbss                farbss       000000
__Lfardata               fardata      000000
__Libigdata              ibigdata     000000
__Lidata                 idata        000000
__LidataBANK0            idataBANK0   000000
__LidataBANK2            idataBANK2   000000
__LidataCOMRAM           idataCOMRAM  000000
__Lidloc                 idloc        200000
__Lifardata              ifardata     000000
__Linit                  init         00052C
__Lintcode               intcode      000008
__Lintcode_body          intcode_body 000000
__Lintcodelo             intcodelo    00052C
__Lintentry              intentry     000000
__Lintret                intret       000000
__Lintsave_regs          intsave_regs 000000
__Lirdata                irdata       000000
__Lmediumconst           mediumconst  000000
__LnvFARRAM              nvFARRAM     000000
__Lnvbit                 nvbit        000000
__Lnvrram                nvrram       000000
__Lparam                 rparam       000000
__Lpowerup               powerup      00052C
__Lram                   ram          000000
__Lramtop                ramtop       000600
__Lrbit                  rbit         000000
__Lrbss                  rbss         000000
__Lrdata                 rdata        000000
__Lreset_vec             reset_vec    000000
__Lrparam                rparam       000000
__Lsfr                   sfr          000000
__Lsmallconst            smallconst   000600
__Lspace_0               (abs)        000000
__Lspace_1               (abs)        000000
__Lspace_2               (abs)        000000
__Lstack                 stack        000000
__Lstruct                struct       000000
__Ltemp                  temp         00005B
__Ltext                  text         000000
__Ltext0                 text0        000000
__Ltext1                 text1        000000
__Ltext10                text10       000000
__Ltext11                text11       000000
__Ltext12                text12       000000
__Ltext13                text13       000000
__Ltext14                text14       000000
__Ltext15                text15       000000
__Ltext16                text16       000000
__Ltext17                text17       000000
__Ltext18                text18       000000
__Ltext19                text19       000000
__Ltext2                 text2        000000
__Ltext20                text20       000000
__Ltext21                text21       000000
__Ltext22                text22       000000
__Ltext23                text23       000000
__Ltext24                text24       000000
__Ltext25                text25       000000
__Ltext26                text26       000000
__Ltext27                text27       000000
__Ltext29                text29       000000
__Ltext3                 text3        000000
__Ltext4                 text4        000000
__Ltext5                 text5        000000
__Ltext6                 text6        000000
__Ltext7                 text7        000000
__Ltext8                 text8        000000
__Ltext9                 text9        000000
__S0                     (abs)        30000E
__S1                     (abs)        0003C4
__S2                     (abs)        000000
___altoft                text7        00194E
___altoft@c              cstackCOMRAM 00004B
___altoft@exp            cstackBANK0  000080
___altoft@sign           cstackBANK0  000081
___awdiv                 text18       0018CA
___awdiv@counter         cstackCOMRAM 000029
___awdiv@dividend        cstackCOMRAM 000025
___awdiv@divisor         cstackCOMRAM 000027
___awdiv@quotient        cstackCOMRAM 00002B
___awdiv@sign            cstackCOMRAM 00002A
___awtoft                text15       001ACE
___awtoft@c              cstackCOMRAM 00004B
___awtoft@sign           cstackCOMRAM 00004E
___ftadd                 text12       000FF6
___ftadd@exp1            cstackBANK0  00009A
___ftadd@exp2            cstackBANK0  000099
___ftadd@f1              cstackBANK0  00008F
___ftadd@f2              cstackBANK0  000092
___ftadd@sign            cstackBANK0  000098
___ftdiv                 text14       00138E
___ftdiv@cntr            cstackCOMRAM 000036
___ftdiv@exp             cstackCOMRAM 00003A
___ftdiv@f1              cstackCOMRAM 00002D
___ftdiv@f2              cstackCOMRAM 000030
___ftdiv@f3              cstackCOMRAM 000037
___ftdiv@sign            cstackCOMRAM 00003B
___ftge                  text6        00183A
___ftge@ff1              cstackCOMRAM 000025
___ftge@ff2              cstackCOMRAM 000028
___ftmul                 text10       0011A4
___ftmul@cntr            cstackBANK0  00008D
___ftmul@exp             cstackBANK0  000089
___ftmul@f1              cstackBANK0  000080
___ftmul@f2              cstackBANK0  000083
___ftmul@f3_as_product   cstackBANK0  00008A
___ftmul@sign            cstackBANK0  00008E
___ftneg                 text13       001C3E
___ftneg@f1              cstackCOMRAM 00004F
___ftpack                text17       0016F6
___ftpack@arg            cstackCOMRAM 000025
___ftpack@exp            cstackCOMRAM 000028
___ftpack@sign           cstackCOMRAM 000029
___ftsub                 text11       001A8C
___ftsub@f1              cstackBANK0  00009B
___ftsub@f2              cstackBANK0  00009E
___fttol                 text5        00129A
___fttol@exp1            cstackCOMRAM 00004A
___fttol@f1              cstackCOMRAM 00003C
___fttol@lval            cstackCOMRAM 000046
___fttol@sign1           cstackCOMRAM 000045
___inthi_sp              stack        000000
___intlo_sp              stack        000000
___lwtoft                text16       001C62
___lwtoft@c              cstackCOMRAM 00002D
___param_bank            (abs)        000000
___rparam_used           (abs)        000001
___sp                    stack        000000
___wmul                  text9        001C18
___wmul@multiplicand     cstackCOMRAM 000027
___wmul@multiplier       cstackCOMRAM 000025
___wmul@product          cstackCOMRAM 000029
__accesstop              (abs)        000080
__activetblptr           (abs)        000002
__end_of_ADCInit         text27       001C18
__end_of_Adc             text26       001B6E
__end_of_ClearArray      text25       001BF0
__end_of_ClockInit       text24       001CD6
__end_of_ISR             intcode      00052C
__end_of_InitTmr0        text23       001CA2
__end_of_Modulo          text29       001CBA
__end_of_PrintC          text22       001CC8
__end_of_PrintS          text21       001B3C
__end_of_SpiInit         text20       001BC8
__end_of_UartInit        text19       001B9E
__end_of___altoft        text7        0019C8
__end_of___awdiv         text18       00194E
__end_of___awtoft        text15       001B06
__end_of___ftadd         text12       0011A4
__end_of___ftdiv         text14       001474
__end_of___ftge          text6        0018CA
__end_of___ftmul         text10       00129A
__end_of___ftneg         text13       001C62
__end_of___ftpack        text17       0017A4
__end_of___ftsub         text11       001ACE
__end_of___fttol         text5        00138E
__end_of___lwtoft        text16       001C86
__end_of___wmul          text9        001C3E
__end_of__initialization cinit        00182C
__end_of_eval_poly       text8        001630
__end_of_exp             text1        000FF6
__end_of_floor           text3        001556
__end_of_frexp           text4        001A40
__end_of_ldexp           text2        0016F6
__end_of_main            text0        000E04
__end_ofexp@coeff        smallconst   00061F
__initialization         cinit        0017A4
__mediumconst            mediumconst  000000
__pbssBANK0              bssBANK0     0000CC
__pbssBANK1              bssBANK1     000100
__pbssBANK3              bssBANK3     000300
__pbssCOMRAM             bssCOMRAM    000053
__pcinit                 cinit        0017A4
__pcstackBANK0           cstackBANK0  000080
__pcstackCOMRAM          cstackCOMRAM 000001
__pdataBANK0             dataBANK0    0000D3
__pdataBANK2             dataBANK2    000200
__pdataCOMRAM            dataCOMRAM   000059
__pidataBANK0            idataBANK0   001CD6
__pidataBANK2            idataBANK2   001A40
__pidataCOMRAM           idataCOMRAM  001CDB
__pintcode               intcode      000008
__psmallconst            smallconst   000600
__ptext0                 text0        000620
__ptext1                 text1        000E04
__ptext10                text10       0011A4
__ptext11                text11       001A8C
__ptext12                text12       000FF6
__ptext13                text13       001C3E
__ptext14                text14       00138E
__ptext15                text15       001ACE
__ptext16                text16       001C62
__ptext17                text17       0016F6
__ptext18                text18       0018CA
__ptext19                text19       001B6E
__ptext2                 text2        001630
__ptext20                text20       001B9E
__ptext21                text21       001B06
__ptext22                text22       001CBA
__ptext23                text23       001C86
__ptext24                text24       001CC8
__ptext25                text25       001BC8
__ptext26                text26       001B3C
__ptext27                text27       001BF0
__ptext29                text29       001CA2
__ptext3                 text3        001474
__ptext4                 text4        0019C8
__ptext5                 text5        00129A
__ptext6                 text6        00183A
__ptext7                 text7        00194E
__ptext8                 text8        001556
__ptext9                 text9        001C18
__ramtop                 ramtop       000600
__size_of_ADCInit        (abs)        000000
__size_of_Adc            (abs)        000000
__size_of_ClearArray     (abs)        000000
__size_of_ClockInit      (abs)        000000
__size_of_ISR            (abs)        000000
__size_of_InitTmr0       (abs)        000000
__size_of_Modulo         (abs)        000000
__size_of_PrintC         (abs)        000000
__size_of_PrintS         (abs)        000000
__size_of_SpiInit        (abs)        000000
__size_of_UartInit       (abs)        000000
__size_of___altoft       (abs)        000000
__size_of___awdiv        (abs)        000000
__size_of___awtoft       (abs)        000000
__size_of___ftadd        (abs)        000000
__size_of___ftdiv        (abs)        000000
__size_of___ftge         (abs)        000000
__size_of___ftmul        (abs)        000000
__size_of___ftneg        (abs)        000000
__size_of___ftpack       (abs)        000000
__size_of___ftsub        (abs)        000000
__size_of___fttol        (abs)        000000
__size_of___lwtoft       (abs)        000000
__size_of___wmul         (abs)        000000
__size_of_eval_poly      (abs)        000000
__size_of_exp            (abs)        000000
__size_of_floor          (abs)        000000
__size_of_frexp          (abs)        000000
__size_of_ldexp          (abs)        000000
__size_of_main           (abs)        000000
__smallconst             smallconst   000600
_cpt                     bssBANK0     0000CE
_errno                   bssBANK0     0000CC
_eval_poly               text8        001556
_exp                     text1        000E04
_exp$1532                cstackBANK0  0000B1
_floor                   text3        001474
_frexp                   text4        0019C8
_ldexp                   text2        001630
_main                    text0        000620
_main$1528               cstackBANK0  0000BB
_main$1529               cstackBANK0  0000BE
_main$1530               cstackBANK0  0000C2
_main$1531               cstackBANK0  0000C5
_text_prgm               dataBANK2    000200
btemp                    temp         00005B
end_of_initialization    cinit        00182C
eval_poly@d              cstackBANK0  00009E
eval_poly@n              cstackBANK0  0000A0
eval_poly@res            cstackBANK0  0000A4
eval_poly@x              cstackBANK0  00009B
exp@coeff                smallconst   000601
exp@exponent             cstackBANK0  0000B4
exp@sign                 cstackBANK0  0000B6
exp@x                    cstackBANK0  0000AE
floor@expon              cstackBANK0  0000A1
floor@i                  cstackBANK0  00009E
floor@x                  cstackBANK0  00009B
frexp@eptr               cstackCOMRAM 000028
frexp@value              cstackCOMRAM 000025
int$flags                temp         00005B
intlevel0                text         000000
intlevel1                text         000000
intlevel2                text         000000
intlevel3                text         000000
ldexp@newexp             cstackBANK0  0000AA
ldexp@value              cstackBANK0  0000A7
main@CptTmr0             cstackBANK0  0000C1
main@adc_res             cstackBANK0  0000C9
main@taille_text_prgm    cstackBANK0  0000C7
main@taille_text_spi     cstackBANK0  0000C8
stackhi                  (abs)        0005EE
stacklo                  (abs)        0003C4
start                    init         00052C
start_initialization     cinit        0017A4
wtemp6                   temp         00005C


FUNCTION INFORMATION:

 *************** function _main *****************
 Defined at:
		line 157 in file "main.c"
 Parameters:    Size  Location     Type
		None
 Auto vars:     Size  Location     Type
  adc_res         3   73[BANK0 ] float 
  taille_text_    1   72[BANK0 ] unsigned char 
  taille_text_    1   71[BANK0 ] unsigned char 
  CptTmr0         1   65[BANK0 ] unsigned char 
 Return value:  Size  Location     Type
                  1    wreg      void 
 Registers used:
		wreg, fsr1l, fsr1h, fsr2l, fsr2h, status,2, status,0, tblptrl, tblptrh, tblptru, prodl, prodh, cstack
 Tracked objects:
		On entry : 
		On exit  : 
		Unchanged: 
 Data sizes:     COMRAM   BANK0   BANK1   BANK2   BANK3   BANK4   BANK5
      Params:         0       0       0       0       0       0       0
      Locals:         0      17       0       0       0       0       0
      Temps:          0       4       0       0       0       0       0
      Totals:         0      21       0       0       0       0       0
Total ram usage:       21 bytes
 Hardware stack levels required when called:    6
 This function calls:
		_ADCInit
		_Adc
		_ClearArray
		_ClockInit
		_InitTmr0
		_PrintS
		_SpiInit
		_UartInit
		___awdiv
		___awtoft
		___ftadd
		___ftdiv
		___ftge
		___ftmul
		___ftneg
		___fttol
		___lwtoft
		_exp
 This function is called by:
		Startup code after reset
 This function uses a non-reentrant model


 *************** function _exp *****************
 Defined at:
		line 12 in file "C:\Program Files (x86)\Microchip\xc8\v1.45\sources\common\exp.c"
 Parameters:    Size  Location     Type
  x               3   46[BANK0 ] void 
 Auto vars:     Size  Location     Type
  exponent        2   52[BANK0 ] int 
  sign            1   54[BANK0 ] unsigned char 
 Return value:  Size  Location     Type
                  3   46[BANK0 ] unsigned char 
 Registers used:
		wreg, fsr2l, fsr2h, status,2, status,0, tblptrl, tblptrh, tblptru, prodl, prodh, cstack
 Tracked objects:
		On entry : 
		On exit  : 
		Unchanged: 
 Data sizes:     COMRAM   BANK0   BANK1   BANK2   BANK3   BANK4   BANK5
      Params:         0       3       0       0       0       0       0
      Locals:         0       6       0       0       0       0       0
      Temps:          0       0       0       0       0       0       0
      Totals:         0       9       0       0       0       0       0
Total ram usage:        9 bytes
 Hardware stack levels used:    1
 Hardware stack levels required when called:    5
 This function calls:
		___awtoft
		___ftdiv
		___ftge
		___ftmul
		___ftneg
		___ftsub
		___fttol
		_eval_poly
		_floor
		_ldexp
 This function is called by:
		_main
 This function uses a non-reentrant model


 *************** function _ldexp *****************
 Defined at:
		line 277 in file "C:\Program Files (x86)\Microchip\xc8\v1.45\sources\common\frexp.c"
 Parameters:    Size  Location     Type
  value           3   39[BANK0 ] unsigned char 
  newexp          2   42[BANK0 ] int 
 Auto vars:     Size  Location     Type
		None
 Return value:  Size  Location     Type
                  3   39[BANK0 ] int 
 Registers used:
		wreg, status,2, status,0
 Tracked objects:
		On entry : 
		On exit  : 
		Unchanged: 
 Data sizes:     COMRAM   BANK0   BANK1   BANK2   BANK3   BANK4   BANK5
      Params:         0       5       0       0       0       0       0
      Locals:         0       0       0       0       0       0       0
      Temps:          0       2       0       0       0       0       0
      Totals:         0       7       0       0       0       0       0
Total ram usage:        7 bytes
 Hardware stack levels used:    1
 Hardware stack levels required when called:    2
 This function calls:
		Nothing
 This function is called by:
		_exp
 This function uses a non-reentrant model


 *************** function _floor *****************
 Defined at:
		line 13 in file "C:\Program Files (x86)\Microchip\xc8\v1.45\sources\common\floor.c"
 Parameters:    Size  Location     Type
  x               3   27[BANK0 ] int 
 Auto vars:     Size  Location     Type
  i               3   30[BANK0 ] int 
  expon           2   33[BANK0 ] int 
 Return value:  Size  Location     Type
                  3   27[BANK0 ] int 
 Registers used:
		wreg, fsr2l, fsr2h, status,2, status,0, cstack
 Tracked objects:
		On entry : 
		On exit  : 
		Unchanged: 
 Data sizes:     COMRAM   BANK0   BANK1   BANK2   BANK3   BANK4   BANK5
      Params:         0       3       0       0       0       0       0
      Locals:         0       5       0       0       0       0       0
      Temps:          0       0       0       0       0       0       0
      Totals:         0       8       0       0       0       0       0
Total ram usage:        8 bytes
 Hardware stack levels used:    1
 Hardware stack levels required when called:    4
 This function calls:
		___altoft
		___ftadd
		___ftge
		___fttol
		_frexp
 This function is called by:
		_exp
 This function uses a non-reentrant model


 *************** function _frexp *****************
 Defined at:
		line 254 in file "C:\Program Files (x86)\Microchip\xc8\v1.45\sources\common\frexp.c"
 Parameters:    Size  Location     Type
  value           3   36[COMRAM] int 
  eptr            2   39[COMRAM] PTR int 
		 -> floor@expon(2), 
 Auto vars:     Size  Location     Type
		None
 Return value:  Size  Location     Type
                  3   36[COMRAM] PTR int 
 Registers used:
		wreg, fsr2l, fsr2h, status,2, status,0
 Tracked objects:
		On entry : 
		On exit  : 
		Unchanged: 
 Data sizes:     COMRAM   BANK0   BANK1   BANK2   BANK3   BANK4   BANK5
      Params:         5       0       0       0       0       0       0
      Locals:         0       0       0       0       0       0       0
      Temps:          2       0       0       0       0       0       0
      Totals:         7       0       0       0       0       0       0
Total ram usage:        7 bytes
 Hardware stack levels used:    1
 Hardware stack levels required when called:    2
 This function calls:
		Nothing
 This function is called by:
		_floor
 This function uses a non-reentrant model


 *************** function ___fttol *****************
 Defined at:
		line 44 in file "C:\Program Files (x86)\Microchip\xc8\v1.45\sources\common\fttol.c"
 Parameters:    Size  Location     Type
  f1              3   59[COMRAM] float 
 Auto vars:     Size  Location     Type
  lval            4   69[COMRAM] unsigned long 
  exp1            1   73[COMRAM] unsigned char 
  sign1           1   68[COMRAM] unsigned char 
 Return value:  Size  Location     Type
                  4   59[COMRAM] long 
 Registers used:
		wreg, status,2, status,0
 Tracked objects:
		On entry : 
		On exit  : 
		Unchanged: 
 Data sizes:     COMRAM   BANK0   BANK1   BANK2   BANK3   BANK4   BANK5
      Params:         4       0       0       0       0       0       0
      Locals:         6       0       0       0       0       0       0
      Temps:          5       0       0       0       0       0       0
      Totals:        15       0       0       0       0       0       0
Total ram usage:       15 bytes
 Hardware stack levels used:    1
 Hardware stack levels required when called:    2
 This function calls:
		Nothing
 This function is called by:
		_main
		_exp
		_floor
 This function uses a non-reentrant model


 *************** function ___ftge *****************
 Defined at:
		line 4 in file "C:\Program Files (x86)\Microchip\xc8\v1.45\sources\common\ftge.c"
 Parameters:    Size  Location     Type
  ff1             3   36[COMRAM] float 
  ff2             3   39[COMRAM] float 
 Auto vars:     Size  Location     Type
		None
 Return value:  Size  Location     Type
		None               void
 Registers used:
		wreg, status,2, status,0
 Tracked objects:
		On entry : 
		On exit  : 
		Unchanged: 
 Data sizes:     COMRAM   BANK0   BANK1   BANK2   BANK3   BANK4   BANK5
      Params:         6       0       0       0       0       0       0
      Locals:         0       0       0       0       0       0       0
      Temps:          3       0       0       0       0       0       0
      Totals:         9       0       0       0       0       0       0
Total ram usage:        9 bytes
 Hardware stack levels used:    1
 Hardware stack levels required when called:    2
 This function calls:
		Nothing
 This function is called by:
		_main
		_exp
		_floor
 This function uses a non-reentrant model


 *************** function ___altoft *****************
 Defined at:
		line 42 in file "C:\Program Files (x86)\Microchip\xc8\v1.45\sources\common\altoft.c"
 Parameters:    Size  Location     Type
  c               4   74[COMRAM] long 
 Auto vars:     Size  Location     Type
  sign            1    1[BANK0 ] unsigned char 
  exp             1    0[BANK0 ] unsigned char 
 Return value:  Size  Location     Type
                  3   74[COMRAM] float 
 Registers used:
		wreg, status,2, status,0, cstack
 Tracked objects:
		On entry : 
		On exit  : 
		Unchanged: 
 Data sizes:     COMRAM   BANK0   BANK1   BANK2   BANK3   BANK4   BANK5
      Params:         4       0       0       0       0       0       0
      Locals:         0       2       0       0       0       0       0
      Temps:          4       0       0       0       0       0       0
      Totals:         8       2       0       0       0       0       0
Total ram usage:       10 bytes
 Hardware stack levels used:    1
 Hardware stack levels required when called:    3
 This function calls:
		___ftpack
 This function is called by:
		_floor
 This function uses a non-reentrant model


 *************** function _eval_poly *****************
 Defined at:
		line 4 in file "C:\Program Files (x86)\Microchip\xc8\v1.45\sources\common\evalpoly.c"
 Parameters:    Size  Location     Type
  x               3   27[BANK0 ] float 
  d               2   30[BANK0 ] PTR const 
		 -> exp@coeff(30), 
  n               2   32[BANK0 ] int 
 Auto vars:     Size  Location     Type
  res             3   36[BANK0 ] int 
 Return value:  Size  Location     Type
                  3   27[BANK0 ] int 
 Registers used:
		wreg, status,2, status,0, tblptrl, tblptrh, tblptru, prodl, prodh, cstack
 Tracked objects:
		On entry : 
		On exit  : 
		Unchanged: 
 Data sizes:     COMRAM   BANK0   BANK1   BANK2   BANK3   BANK4   BANK5
      Params:         0       7       0       0       0       0       0
      Locals:         0       3       0       0       0       0       0
      Temps:          0       2       0       0       0       0       0
      Totals:         0      12       0       0       0       0       0
Total ram usage:       12 bytes
 Hardware stack levels used:    1
 Hardware stack levels required when called:    4
 This function calls:
		___ftadd
		___ftmul
		___wmul
 This function is called by:
		_exp
 This function uses a non-reentrant model


 *************** function ___wmul *****************
 Defined at:
		line 15 in file "C:\Program Files (x86)\Microchip\xc8\v1.45\sources\common\Umul16.c"
 Parameters:    Size  Location     Type
  multiplier      2   36[COMRAM] unsigned int 
  multiplicand    2   38[COMRAM] unsigned int 
 Auto vars:     Size  Location     Type
  product         2   40[COMRAM] unsigned int 
 Return value:  Size  Location     Type
                  2   36[COMRAM] unsigned int 
 Registers used:
		wreg, status,2, status,0, prodl, prodh
 Tracked objects:
		On entry : 
		On exit  : 
		Unchanged: 
 Data sizes:     COMRAM   BANK0   BANK1   BANK2   BANK3   BANK4   BANK5
      Params:         4       0       0       0       0       0       0
      Locals:         2       0       0       0       0       0       0
      Temps:          0       0       0       0       0       0       0
      Totals:         6       0       0       0       0       0       0
Total ram usage:        6 bytes
 Hardware stack levels used:    1
 Hardware stack levels required when called:    2
 This function calls:
		Nothing
 This function is called by:
		_eval_poly
 This function uses a non-reentrant model


 *************** function ___ftmul *****************
 Defined at:
		line 62 in file "C:\Program Files (x86)\Microchip\xc8\v1.45\sources\common\ftmul.c"
 Parameters:    Size  Location     Type
  f1              3    0[BANK0 ] float 
  f2              3    3[BANK0 ] float 
 Auto vars:     Size  Location     Type
  f3_as_produc    3   10[BANK0 ] unsigned um
  sign            1   14[BANK0 ] unsigned char 
  cntr            1   13[BANK0 ] unsigned char 
  exp             1    9[BANK0 ] unsigned char 
 Return value:  Size  Location     Type
                  3    0[BANK0 ] float 
 Registers used:
		wreg, status,2, status,0, cstack
 Tracked objects:
		On entry : 
		On exit  : 
		Unchanged: 
 Data sizes:     COMRAM   BANK0   BANK1   BANK2   BANK3   BANK4   BANK5
      Params:         0       6       0       0       0       0       0
      Locals:         0       6       0       0       0       0       0
      Temps:          0       3       0       0       0       0       0
      Totals:         0      15       0       0       0       0       0
Total ram usage:       15 bytes
 Hardware stack levels used:    1
 Hardware stack levels required when called:    3
 This function calls:
		___ftpack
 This function is called by:
		_main
		_exp
		_eval_poly
 This function uses a non-reentrant model


 *************** function ___ftsub *****************
 Defined at:
		line 20 in file "C:\Program Files (x86)\Microchip\xc8\v1.45\sources\common\ftsub.c"
 Parameters:    Size  Location     Type
  f1              3   27[BANK0 ] float 
  f2              3   30[BANK0 ] float 
 Auto vars:     Size  Location     Type
		None
 Return value:  Size  Location     Type
                  3   27[BANK0 ] float 
 Registers used:
		wreg, status,2, status,0, cstack
 Tracked objects:
		On entry : 
		On exit  : 
		Unchanged: 
 Data sizes:     COMRAM   BANK0   BANK1   BANK2   BANK3   BANK4   BANK5
      Params:         0       6       0       0       0       0       0
      Locals:         0       0       0       0       0       0       0
      Temps:          0       0       0       0       0       0       0
      Totals:         0       6       0       0       0       0       0
Total ram usage:        6 bytes
 Hardware stack levels used:    1
 Hardware stack levels required when called:    4
 This function calls:
		___ftadd
 This function is called by:
		_exp
 This function uses a non-reentrant model


 *************** function ___ftadd *****************
 Defined at:
		line 86 in file "C:\Program Files (x86)\Microchip\xc8\v1.45\sources\common\ftadd.c"
 Parameters:    Size  Location     Type
  f1              3   15[BANK0 ] float 
  f2              3   18[BANK0 ] float 
 Auto vars:     Size  Location     Type
  exp1            1   26[BANK0 ] unsigned char 
  exp2            1   25[BANK0 ] unsigned char 
  sign            1   24[BANK0 ] unsigned char 
 Return value:  Size  Location     Type
                  3   15[BANK0 ] float 
 Registers used:
		wreg, status,2, status,0, cstack
 Tracked objects:
		On entry : 
		On exit  : 
		Unchanged: 
 Data sizes:     COMRAM   BANK0   BANK1   BANK2   BANK3   BANK4   BANK5
      Params:         0       6       0       0       0       0       0
      Locals:         0       3       0       0       0       0       0
      Temps:          0       3       0       0       0       0       0
      Totals:         0      12       0       0       0       0       0
Total ram usage:       12 bytes
 Hardware stack levels used:    1
 Hardware stack levels required when called:    3
 This function calls:
		___ftpack
 This function is called by:
		_main
		_floor
		___ftsub
		_eval_poly
 This function uses a non-reentrant model


 *************** function ___ftneg *****************
 Defined at:
		line 15 in file "C:\Program Files (x86)\Microchip\xc8\v1.45\sources\common\ftneg.c"
 Parameters:    Size  Location     Type
  f1              3   78[COMRAM] float 
 Auto vars:     Size  Location     Type
		None
 Return value:  Size  Location     Type
                  3   78[COMRAM] float 
 Registers used:
		wreg, status,2, status,0
 Tracked objects:
		On entry : 
		On exit  : 
		Unchanged: 
 Data sizes:     COMRAM   BANK0   BANK1   BANK2   BANK3   BANK4   BANK5
      Params:         3       0       0       0       0       0       0
      Locals:         0       0       0       0       0       0       0
      Temps:          0       0       0       0       0       0       0
      Totals:         3       0       0       0       0       0       0
Total ram usage:        3 bytes
 Hardware stack levels used:    1
 Hardware stack levels required when called:    2
 This function calls:
		Nothing
 This function is called by:
		_main
		_exp
 This function uses a non-reentrant model


 *************** function ___ftdiv *****************
 Defined at:
		line 54 in file "C:\Program Files (x86)\Microchip\xc8\v1.45\sources\common\ftdiv.c"
 Parameters:    Size  Location     Type
  f1              3   44[COMRAM] float 
  f2              3   47[COMRAM] float 
 Auto vars:     Size  Location     Type
  f3              3   54[COMRAM] float 
  sign            1   58[COMRAM] unsigned char 
  exp             1   57[COMRAM] unsigned char 
  cntr            1   53[COMRAM] unsigned char 
 Return value:  Size  Location     Type
                  3   44[COMRAM] float 
 Registers used:
		wreg, status,2, status,0, cstack
 Tracked objects:
		On entry : 
		On exit  : 
		Unchanged: 
 Data sizes:     COMRAM   BANK0   BANK1   BANK2   BANK3   BANK4   BANK5
      Params:         6       0       0       0       0       0       0
      Locals:         6       0       0       0       0       0       0
      Temps:          3       0       0       0       0       0       0
      Totals:        15       0       0       0       0       0       0
Total ram usage:       15 bytes
 Hardware stack levels used:    1
 Hardware stack levels required when called:    3
 This function calls:
		___ftpack
 This function is called by:
		_main
		_exp
 This function uses a non-reentrant model


 *************** function ___awtoft *****************
 Defined at:
		line 32 in file "C:\Program Files (x86)\Microchip\xc8\v1.45\sources\common\awtoft.c"
 Parameters:    Size  Location     Type
  c               2   74[COMRAM] int 
 Auto vars:     Size  Location     Type
  sign            1   77[COMRAM] unsigned char 
 Return value:  Size  Location     Type
                  3   74[COMRAM] float 
 Registers used:
		wreg, status,2, status,0, cstack
 Tracked objects:
		On entry : 
		On exit  : 
		Unchanged: 
 Data sizes:     COMRAM   BANK0   BANK1   BANK2   BANK3   BANK4   BANK5
      Params:         3       0       0       0       0       0       0
      Locals:         1       0       0       0       0       0       0
      Temps:          0       0       0       0       0       0       0
      Totals:         4       0       0       0       0       0       0
Total ram usage:        4 bytes
 Hardware stack levels used:    1
 Hardware stack levels required when called:    3
 This function calls:
		___ftpack
 This function is called by:
		_main
		_exp
 This function uses a non-reentrant model


 *************** function ___lwtoft *****************
 Defined at:
		line 28 in file "C:\Program Files (x86)\Microchip\xc8\v1.45\sources\common\lwtoft.c"
 Parameters:    Size  Location     Type
  c               2   44[COMRAM] unsigned int 
 Auto vars:     Size  Location     Type
		None
 Return value:  Size  Location     Type
                  3   44[COMRAM] float 
 Registers used:
		wreg, status,2, status,0, cstack
 Tracked objects:
		On entry : 
		On exit  : 
		Unchanged: 
 Data sizes:     COMRAM   BANK0   BANK1   BANK2   BANK3   BANK4   BANK5
      Params:         3       0       0       0       0       0       0
      Locals:         0       0       0       0       0       0       0
      Temps:          0       0       0       0       0       0       0
      Totals:         3       0       0       0       0       0       0
Total ram usage:        3 bytes
 Hardware stack levels used:    1
 Hardware stack levels required when called:    3
 This function calls:
		___ftpack
 This function is called by:
		_main
 This function uses a non-reentrant model


 *************** function ___ftpack *****************
 Defined at:
		line 62 in file "C:\Program Files (x86)\Microchip\xc8\v1.45\sources\common\float.c"
 Parameters:    Size  Location     Type
  arg             3   36[COMRAM] unsigned um
  exp             1   39[COMRAM] unsigned char 
  sign            1   40[COMRAM] unsigned char 
 Auto vars:     Size  Location     Type
		None
 Return value:  Size  Location     Type
                  3   36[COMRAM] float 
 Registers used:
		wreg, status,2, status,0
 Tracked objects:
		On entry : 
		On exit  : 
		Unchanged: 
 Data sizes:     COMRAM   BANK0   BANK1   BANK2   BANK3   BANK4   BANK5
      Params:         5       0       0       0       0       0       0
      Locals:         0       0       0       0       0       0       0
      Temps:          3       0       0       0       0       0       0
      Totals:         8       0       0       0       0       0       0
Total ram usage:        8 bytes
 Hardware stack levels used:    1
 Hardware stack levels required when called:    2
 This function calls:
		Nothing
 This function is called by:
		___altoft
		___awtoft
		___ftadd
		___ftdiv
		___ftmul
		___lwtoft
 This function uses a non-reentrant model


 *************** function ___awdiv *****************
 Defined at:
		line 8 in file "C:\Program Files (x86)\Microchip\xc8\v1.45\sources\common\awdiv.c"
 Parameters:    Size  Location     Type
  dividend        2   36[COMRAM] int 
  divisor         2   38[COMRAM] int 
 Auto vars:     Size  Location     Type
  quotient        2   42[COMRAM] int 
  sign            1   41[COMRAM] unsigned char 
  counter         1   40[COMRAM] unsigned char 
 Return value:  Size  Location     Type
                  2   36[COMRAM] int 
 Registers used:
		wreg, status,2, status,0
 Tracked objects:
		On entry : 
		On exit  : 
		Unchanged: 
 Data sizes:     COMRAM   BANK0   BANK1   BANK2   BANK3   BANK4   BANK5
      Params:         4       0       0       0       0       0       0
      Locals:         4       0       0       0       0       0       0
      Temps:          0       0       0       0       0       0       0
      Totals:         8       0       0       0       0       0       0
Total ram usage:        8 bytes
 Hardware stack levels used:    1
 Hardware stack levels required when called:    2
 This function calls:
		Nothing
 This function is called by:
		_main
 This function uses a non-reentrant model


 *************** function _UartInit *****************
 Defined at:
		line 403 in file "main.c"
 Parameters:    Size  Location     Type
		None
 Auto vars:     Size  Location     Type
		None
 Return value:  Size  Location     Type
                  1    wreg      void 
 Registers used:
		wreg, status,2
 Tracked objects:
		On entry : 
		On exit  : 
		Unchanged: 
 Data sizes:     COMRAM   BANK0   BANK1   BANK2   BANK3   BANK4   BANK5
      Params:         0       0       0       0       0       0       0
      Locals:         0       0       0       0       0       0       0
      Temps:          0       0       0       0       0       0       0
      Totals:         0       0       0       0       0       0       0
Total ram usage:        0 bytes
 Hardware stack levels used:    1
 Hardware stack levels required when called:    2
 This function calls:
		Nothing
 This function is called by:
		_main
 This function uses a non-reentrant model


 *************** function _SpiInit *****************
 Defined at:
		line 380 in file "main.c"
 Parameters:    Size  Location     Type
		None
 Auto vars:     Size  Location     Type
		None
 Return value:  Size  Location     Type
                  1    wreg      void 
 Registers used:
		wreg, status,2
 Tracked objects:
		On entry : 
		On exit  : 
		Unchanged: 
 Data sizes:     COMRAM   BANK0   BANK1   BANK2   BANK3   BANK4   BANK5
      Params:         0       0       0       0       0       0       0
      Locals:         0       0       0       0       0       0       0
      Temps:          0       0       0       0       0       0       0
      Totals:         0       0       0       0       0       0       0
Total ram usage:        0 bytes
 Hardware stack levels used:    1
 Hardware stack levels required when called:    2
 This function calls:
		Nothing
 This function is called by:
		_main
 This function uses a non-reentrant model


 *************** function _PrintS *****************
 Defined at:
		line 498 in file "main.c"
 Parameters:    Size  Location     Type
  s_printS        2   37[COMRAM] PTR const unsigned char 
		 -> SendMsgSreen(252), 
 Auto vars:     Size  Location     Type
		None
 Return value:  Size  Location     Type
                  1    wreg      void 
 Registers used:
		wreg, fsr2l, fsr2h, status,2, status,0, cstack
 Tracked objects:
		On entry : 
		On exit  : 
		Unchanged: 
 Data sizes:     COMRAM   BANK0   BANK1   BANK2   BANK3   BANK4   BANK5
      Params:         2       0       0       0       0       0       0
      Locals:         0       0       0       0       0       0       0
      Temps:          0       0       0       0       0       0       0
      Totals:         2       0       0       0       0       0       0
Total ram usage:        2 bytes
 Hardware stack levels used:    1
 Hardware stack levels required when called:    3
 This function calls:
		_PrintC
 This function is called by:
		_main
 This function uses a non-reentrant model


 *************** function _PrintC *****************
 Defined at:
		line 483 in file "main.c"
 Parameters:    Size  Location     Type
  c_printC        1    wreg     unsigned char 
 Auto vars:     Size  Location     Type
  c_printC        1   36[COMRAM] unsigned char 
 Return value:  Size  Location     Type
                  1    wreg      void 
 Registers used:
		wreg
 Tracked objects:
		On entry : 
		On exit  : 
		Unchanged: 
 Data sizes:     COMRAM   BANK0   BANK1   BANK2   BANK3   BANK4   BANK5
      Params:         0       0       0       0       0       0       0
      Locals:         1       0       0       0       0       0       0
      Temps:          0       0       0       0       0       0       0
      Totals:         1       0       0       0       0       0       0
Total ram usage:        1 bytes
 Hardware stack levels used:    1
 Hardware stack levels required when called:    2
 This function calls:
		Nothing
 This function is called by:
		_PrintS
 This function uses a non-reentrant model


 *************** function _InitTmr0 *****************
 Defined at:
		line 435 in file "main.c"
 Parameters:    Size  Location     Type
		None
 Auto vars:     Size  Location     Type
		None
 Return value:  Size  Location     Type
                  1    wreg      void 
 Registers used:
		wreg, status,2
 Tracked objects:
		On entry : 
		On exit  : 
		Unchanged: 
 Data sizes:     COMRAM   BANK0   BANK1   BANK2   BANK3   BANK4   BANK5
      Params:         0       0       0       0       0       0       0
      Locals:         0       0       0       0       0       0       0
      Temps:          0       0       0       0       0       0       0
      Totals:         0       0       0       0       0       0       0
Total ram usage:        0 bytes
 Hardware stack levels used:    1
 Hardware stack levels required when called:    2
 This function calls:
		Nothing
 This function is called by:
		_main
 This function uses a non-reentrant model


 *************** function _ClockInit *****************
 Defined at:
		line 360 in file "main.c"
 Parameters:    Size  Location     Type
		None
 Auto vars:     Size  Location     Type
		None
 Return value:  Size  Location     Type
                  1    wreg      void 
 Registers used:
		None
 Tracked objects:
		On entry : 
		On exit  : 
		Unchanged: 
 Data sizes:     COMRAM   BANK0   BANK1   BANK2   BANK3   BANK4   BANK5
      Params:         0       0       0       0       0       0       0
      Locals:         0       0       0       0       0       0       0
      Temps:          0       0       0       0       0       0       0
      Totals:         0       0       0       0       0       0       0
Total ram usage:        0 bytes
 Hardware stack levels used:    1
 Hardware stack levels required when called:    2
 This function calls:
		Nothing
 This function is called by:
		_main
 This function uses a non-reentrant model


 *************** function _ClearArray *****************
 Defined at:
		line 514 in file "main.c"
 Parameters:    Size  Location     Type
		None
 Auto vars:     Size  Location     Type
  cpt_vide        1   36[COMRAM] unsigned char 
 Return value:  Size  Location     Type
                  1    wreg      void 
 Registers used:
		wreg, fsr2l, fsr2h, status,2, status,0, prodl, prodh
 Tracked objects:
		On entry : 
		On exit  : 
		Unchanged: 
 Data sizes:     COMRAM   BANK0   BANK1   BANK2   BANK3   BANK4   BANK5
      Params:         0       0       0       0       0       0       0
      Locals:         1       0       0       0       0       0       0
      Temps:          0       0       0       0       0       0       0
      Totals:         1       0       0       0       0       0       0
Total ram usage:        1 bytes
 Hardware stack levels used:    1
 Hardware stack levels required when called:    2
 This function calls:
		Nothing
 This function is called by:
		_main
 This function uses a non-reentrant model


 *************** function _Adc *****************
 Defined at:
		line 465 in file "main.c"
 Parameters:    Size  Location     Type
  channel         1    wreg     unsigned char 
 Auto vars:     Size  Location     Type
  channel         1   40[COMRAM] unsigned char 
 Return value:  Size  Location     Type
                  2   36[COMRAM] unsigned int 
 Registers used:
		wreg, status,2, status,0
 Tracked objects:
		On entry : 
		On exit  : 
		Unchanged: 
 Data sizes:     COMRAM   BANK0   BANK1   BANK2   BANK3   BANK4   BANK5
      Params:         2       0       0       0       0       0       0
      Locals:         1       0       0       0       0       0       0
      Temps:          2       0       0       0       0       0       0
      Totals:         5       0       0       0       0       0       0
Total ram usage:        5 bytes
 Hardware stack levels used:    1
 Hardware stack levels required when called:    2
 This function calls:
		Nothing
 This function is called by:
		_main
 This function uses a non-reentrant model


 *************** function _ADCInit *****************
 Defined at:
		line 366 in file "main.c"
 Parameters:    Size  Location     Type
		None
 Auto vars:     Size  Location     Type
		None
 Return value:  Size  Location     Type
                  1    wreg      void 
 Registers used:
		wreg, status,2
 Tracked objects:
		On entry : 
		On exit  : 
		Unchanged: 
 Data sizes:     COMRAM   BANK0   BANK1   BANK2   BANK3   BANK4   BANK5
      Params:         0       0       0       0       0       0       0
      Locals:         0       0       0       0       0       0       0
      Temps:          0       0       0       0       0       0       0
      Totals:         0       0       0       0       0       0       0
Total ram usage:        0 bytes
 Hardware stack levels used:    1
 Hardware stack levels required when called:    2
 This function calls:
		Nothing
 This function is called by:
		_main
 This function uses a non-reentrant model


 *************** function _ISR *****************
 Defined at:
		line 541 in file "main.c"
 Parameters:    Size  Location     Type
		None
 Auto vars:     Size  Location     Type
  j               2   32[COMRAM] int 
  j               2   30[COMRAM] int 
  j               2   28[COMRAM] int 
  j               2   26[COMRAM] int 
  j               2   24[COMRAM] int 
  Receive         1   34[COMRAM] unsigned char 
  data_spi        1   35[COMRAM] unsigned char 
 Return value:  Size  Location     Type
                  1    wreg      void 
 Registers used:
		wreg, fsr1l, fsr1h, fsr2l, fsr2h, status,2, status,0, prodl, prodh, cstack
 Tracked objects:
		On entry : 
		On exit  : 
		Unchanged: 
 Data sizes:     COMRAM   BANK0   BANK1   BANK2   BANK3   BANK4   BANK5
      Params:         0       0       0       0       0       0       0
      Locals:        12       0       0       0       0       0       0
      Temps:         22       0       0       0       0       0       0
      Totals:        34       0       0       0       0       0       0
Total ram usage:       34 bytes
 Hardware stack levels used:    1
 Hardware stack levels required when called:    1
 This function calls:
		_Modulo
 This function is called by:
		Interrupt level 2
 This function uses a non-reentrant model


 *************** function _Modulo *****************
 Defined at:
		line 532 in file "main.c"
 Parameters:    Size  Location     Type
  M_nombre        2    0[COMRAM] short 
 Auto vars:     Size  Location     Type
		None
 Return value:  Size  Location     Type
                  1    wreg      unsigned char 
 Registers used:
		wreg, status,2, status,0
 Tracked objects:
		On entry : 
		On exit  : 
		Unchanged: 
 Data sizes:     COMRAM   BANK0   BANK1   BANK2   BANK3   BANK4   BANK5
      Params:         2       0       0       0       0       0       0
      Locals:         0       0       0       0       0       0       0
      Temps:          0       0       0       0       0       0       0
      Totals:         2       0       0       0       0       0       0
Total ram usage:        2 bytes
 Hardware stack levels used:    1
 This function calls:
		Nothing
 This function is called by:
		_ISR
 This function uses a non-reentrant model



MODULE INFORMATION

Module		Function		Class		Link	Load	Size
C:\Program Files (x86)\Microchip\xc8\v1.45\sources\common\ftneg.c
		___ftneg       		CODE           	1C3E	0000	37

C:\Program Files (x86)\Microchip\xc8\v1.45\sources\common\ftneg.c estimated size: 37

C:\Program Files (x86)\Microchip\xc8\v1.45\sources\common\ftsub.c
		___ftsub       		CODE           	1A8C	0000	67

C:\Program Files (x86)\Microchip\xc8\v1.45\sources\common\ftsub.c estimated size: 67

C:\Program Files (x86)\Microchip\xc8\v1.45\sources\common\float.c
		___ftpack      		CODE           	16F6	0000	175

C:\Program Files (x86)\Microchip\xc8\v1.45\sources\common\float.c estimated size: 175

C:\Program Files (x86)\Microchip\xc8\v1.45\sources\common\Umul16.c
		___wmul        		CODE           	1C18	0000	39

C:\Program Files (x86)\Microchip\xc8\v1.45\sources\common\Umul16.c estimated size: 39

C:\Program Files (x86)\Microchip\xc8\v1.45\sources\common\frexp.c
		_ldexp         		CODE           	1630	0000	199
		_frexp         		CODE           	19C8	0000	121

C:\Program Files (x86)\Microchip\xc8\v1.45\sources\common\frexp.c estimated size: 320

C:\Program Files (x86)\Microchip\xc8\v1.45\sources\common\ftge.c
		___ftge        		CODE           	183A	0000	145

C:\Program Files (x86)\Microchip\xc8\v1.45\sources\common\ftge.c estimated size: 145

C:\Program Files (x86)\Microchip\xc8\v1.45\sources\common\floor.c
		_floor         		CODE           	1474	0000	227

C:\Program Files (x86)\Microchip\xc8\v1.45\sources\common\floor.c estimated size: 227

C:\Program Files (x86)\Microchip\xc8\v1.45\sources\common\ftmul.c
		___ftmul       		CODE           	11A4	0000	247

C:\Program Files (x86)\Microchip\xc8\v1.45\sources\common\ftmul.c estimated size: 247

C:\Program Files (x86)\Microchip\xc8\v1.45\sources\common\ftdiv.c
		___ftdiv       		CODE           	138E	0000	231

C:\Program Files (x86)\Microchip\xc8\v1.45\sources\common\ftdiv.c estimated size: 231

shared
		exp@coeff      		SMALLCONST     	0601	0000	31
		__initialization		CODE           	17A4	0000	137

shared estimated size: 168

C:\Program Files (x86)\Microchip\xc8\v1.45\sources\common\fttol.c
		___fttol       		CODE           	129A	0000	245

C:\Program Files (x86)\Microchip\xc8\v1.45\sources\common\fttol.c estimated size: 245

C:\Program Files (x86)\Microchip\xc8\v1.45\sources\common\awtoft.c
		___awtoft      		CODE           	1ACE	0000	57

C:\Program Files (x86)\Microchip\xc8\v1.45\sources\common\awtoft.c estimated size: 57

C:\Program Files (x86)\Microchip\xc8\v1.45\sources\common\awdiv.c
		___awdiv       		CODE           	18CA	0000	133

C:\Program Files (x86)\Microchip\xc8\v1.45\sources\common\awdiv.c estimated size: 133

C:\Program Files (x86)\Microchip\xc8\v1.45\sources\common\evalpoly.c
		_eval_poly     		CODE           	1556	0000	219

C:\Program Files (x86)\Microchip\xc8\v1.45\sources\common\evalpoly.c estimated size: 219

C:\Program Files (x86)\Microchip\xc8\v1.45\sources\common\ftadd.c
		___ftadd       		CODE           	0FF6	0000	431

C:\Program Files (x86)\Microchip\xc8\v1.45\sources\common\ftadd.c estimated size: 431

main.c
		_SpiInit       		CODE           	1B9E	0000	43
		_InitTmr0      		CODE           	1C86	0000	29
		_ISR           		CODE           	0008	0000	1317
		_Adc           		CODE           	1B3C	0000	51
		_ClearArray    		CODE           	1BC8	0000	41
		_ADCInit       		CODE           	1BF0	0000	41
		_main          		CODE           	0620	0000	2021
		_PrintC        		CODE           	1CBA	0000	15
		_Modulo        		CODE           	1CA2	0000	25
		_UartInit      		CODE           	1B6E	0000	49
		_ClockInit     		CODE           	1CC8	0000	15
		_PrintS        		CODE           	1B06	0000	55

main.c estimated size: 3702

C:\Program Files (x86)\Microchip\xc8\v1.45\sources\common\lwtoft.c
		___lwtoft      		CODE           	1C62	0000	37

C:\Program Files (x86)\Microchip\xc8\v1.45\sources\common\lwtoft.c estimated size: 37

C:\Program Files (x86)\Microchip\xc8\v1.45\sources\common\exp.c
		_exp           		CODE           	0E04	0000	499

C:\Program Files (x86)\Microchip\xc8\v1.45\sources\common\exp.c estimated size: 499

C:\Program Files (x86)\Microchip\xc8\v1.45\sources\common\altoft.c
		___altoft      		CODE           	194E	0000	123

C:\Program Files (x86)\Microchip\xc8\v1.45\sources\common\altoft.c estimated size: 123

